Product: MDK-ARM Standard 5.10
Component: ARM Compiler 5.04 update 1 (build 49)
Tool: armlink [5040049]

==============================================================================

Section Cross References

    main.o(.text) refers to adc.o(.text) for Get_Adc_Average
    main.o(.text) refers to lcd.o(.text) for LCD_ShowNum
    main.o(.text) refers to stm32f10x_tim.o(.text) for TIM_SetCompare1
    main.o(.text) refers to myalg.o(.text) for String_IndexOf
    main.o(.text) refers to delay.o(.text) for delay_ms
    main.o(.text) refers to stm32f10x_gpio.o(.text) for GPIO_ReadInputDataBit
    main.o(.text) refers to usart3.o(.text) for u3_printf
    main.o(.text) refers to usart3.o(.data) for USART3_RX_STA
    main.o(.text) refers to usart3.o(.bss) for USART3_RX_BUF
    main.o(.text) refers to main.o(.data) for carflag
    main.o(.text) refers to sys.o(.text) for NVIC_Configuration
    main.o(.text) refers to usart.o(.text) for uart_init
    main.o(.text) refers to led.o(.text) for LED_Init
    main.o(.text) refers to key.o(.text) for KEY_Init
    main.o(.text) refers to timer.o(.text) for TIM7_Int_Init
    main.o(.text) refers to dht11.o(.text) for DHT11_Init
    main.o(.text) refers to apsta.o(.text) for atk_8266_apsta_test
    main.o(.text) refers to lcd.o(.data) for POINT_COLOR
    system_stm32f10x.o(.text) refers to system_stm32f10x.o(.data) for SystemCoreClock
    led.o(.text) refers to stm32f10x_rcc.o(.text) for RCC_APB2PeriphClockCmd
    led.o(.text) refers to stm32f10x_gpio.o(.text) for GPIO_Init
    key.o(.text) refers to stm32f10x_rcc.o(.text) for RCC_APB2PeriphClockCmd
    key.o(.text) refers to stm32f10x_gpio.o(.text) for GPIO_Init
    key.o(.text) refers to delay.o(.text) for delay_ms
    key.o(.text) refers to key.o(.data) for key_up
    lcd.o(.text) refers to _printf_percent.o(.ARM.Collect$$_printf_percent$$00000000) for _printf_percent
    lcd.o(.text) refers to _printf_x.o(.ARM.Collect$$_printf_percent$$0000000C) for _printf_x
    lcd.o(.text) refers to _printf_hex_int_ll_ptr.o(.text) for _printf_longlong_hex
    lcd.o(.text) refers to delay.o(.text) for delay_us
    lcd.o(.text) refers to lcd.o(.bss) for lcddev
    lcd.o(.text) refers to lcd.o(.data) for POINT_COLOR
    lcd.o(.text) refers to stm32f10x_rcc.o(.text) for RCC_AHBPeriphClockCmd
    lcd.o(.text) refers to stm32f10x_gpio.o(.text) for GPIO_Init
    lcd.o(.text) refers to stm32f10x_fsmc.o(.text) for FSMC_NORSRAMInit
    lcd.o(.text) refers to __2printf.o(.text) for __2printf
    lcd.o(.text) refers to lcd.o(.constdata) for asc2_1206
    dht11.o(.text) refers to delay.o(.text) for delay_ms
    dht11.o(.text) refers to stm32f10x_rcc.o(.text) for RCC_APB2PeriphClockCmd
    dht11.o(.text) refers to stm32f10x_gpio.o(.text) for GPIO_Init
    adc.o(.text) refers to stm32f10x_rcc.o(.text) for RCC_APB2PeriphClockCmd
    adc.o(.text) refers to stm32f10x_gpio.o(.text) for GPIO_Init
    adc.o(.text) refers to stm32f10x_adc.o(.text) for ADC_DeInit
    adc.o(.text) refers to delay.o(.text) for delay_ms
    apsta.o(.text) refers to _printf_percent.o(.ARM.Collect$$_printf_percent$$00000000) for _printf_percent
    apsta.o(.text) refers to _printf_d.o(.ARM.Collect$$_printf_percent$$00000009) for _printf_d
    apsta.o(.text) refers to _printf_dec.o(.text) for _printf_int_dec
    apsta.o(.text) refers to __2sprintf.o(.text) for __2sprintf
    apsta.o(.text) refers to common.o(.text) for atk_8266_send_data
    apsta.o(.text) refers to delay.o(.text) for delay_ms
    apsta.o(.text) refers to usart3.o(.text) for u3_printf
    apsta.o(.text) refers to apsta.o(.data) for name
    apsta.o(.text) refers to usart3.o(.data) for USART3_RX_STA
    common.o(.text) refers to strstr.o(.text) for strstr
    common.o(.text) refers to usart3.o(.text) for u3_printf
    common.o(.text) refers to delay.o(.text) for delay_ms
    common.o(.text) refers to usart3.o(.data) for USART3_RX_STA
    common.o(.text) refers to usart3.o(.bss) for USART3_RX_BUF
    usart3.o(.text) refers to stm32f10x_usart.o(.text) for USART_GetITStatus
    usart3.o(.text) refers to stm32f10x_tim.o(.text) for TIM_SetCounter
    usart3.o(.text) refers to stm32f10x_rcc.o(.text) for RCC_APB2PeriphClockCmd
    usart3.o(.text) refers to stm32f10x_gpio.o(.text) for GPIO_Init
    usart3.o(.text) refers to misc.o(.text) for NVIC_Init
    usart3.o(.text) refers to c89vsprintf.o(.text) for __c89vsprintf
    usart3.o(.text) refers to strlen.o(.text) for strlen
    usart3.o(.text) refers to usart3.o(.data) for USART3_RX_STA
    usart3.o(.text) refers to usart3.o(.bss) for USART3_RX_BUF
    timer.o(.text) refers to stm32f10x_tim.o(.text) for TIM_GetITStatus
    timer.o(.text) refers to stm32f10x_rcc.o(.text) for RCC_APB1PeriphClockCmd
    timer.o(.text) refers to misc.o(.text) for NVIC_Init
    timer.o(.text) refers to stm32f10x_gpio.o(.text) for GPIO_AFIODeInit
    timer.o(.text) refers to usart3.o(.data) for USART3_RX_STA
    myalg.o(.text) refers to strlen.o(.text) for strlen
[...]
    .text                                    0x08009990   Section        0  _wcrtomb.o(.text)
    .text                                    0x080099d0   Section       74  sys_stackheap_outer.o(.text)
    .text                                    0x08009a1c   Section       16  rt_ctype_table.o(.text)
    .text                                    0x08009a2c   Section        8  rt_locale_intlibspace.o(.text)
    .text                                    0x08009a34   Section        0  _printf_fp_infnan.o(.text)
    .text                                    0x08009ab4   Section        0  bigflt0.o(.text)
    .text                                    0x08009b8c   Section        0  exit.o(.text)
    .text                                    0x08009b98   Section        8  libspace.o(.text)
    .text                                    0x08009ba0   Section      128  strcmpv7m.o(.text)
    CL$$btod_d2e                             0x08009c20   Section       62  btod.o(CL$$btod_d2e)
    CL$$btod_d2e_denorm_low                  0x08009c5e   Section       70  btod.o(CL$$btod_d2e_denorm_low)
    CL$$btod_d2e_norm_op1                    0x08009ca4   Section       96  btod.o(CL$$btod_d2e_norm_op1)
    CL$$btod_div_common                      0x08009d04   Section      824  btod.o(CL$$btod_div_common)
    CL$$btod_e2e                             0x0800a03c   Section      198  btod.o(CL$$btod_e2e)
    CL$$btod_ediv                            0x0800a102   Section       40  btod.o(CL$$btod_ediv)
    CL$$btod_emul                            0x0800a12a   Section       40  btod.o(CL$$btod_emul)
    CL$$btod_mult_common                     0x0800a152   Section      580  btod.o(CL$$btod_mult_common)
    i.__ARM_fpclassify                       0x0800a396   Section        0  fpclassify.o(i.__ARM_fpclassify)
    i._is_digit                              0x0800a3be   Section        0  __printf_wp.o(i._is_digit)
    locale$$code                             0x0800a3cc   Section       44  lc_numeric_c.o(locale$$code)
    locale$$code                             0x0800a3f8   Section       44  lc_ctype_c.o(locale$$code)
    x$fpl$printf1                            0x0800a424   Section        4  printf1.o(x$fpl$printf1)
    .constdata                               0x0800a428   Section     2660  lcd.o(.constdata)
    x$fpl$usenofp                            0x0800a428   Section        0  usenofp.o(x$fpl$usenofp)
    .constdata                               0x0800ae8c   Section       40  _printf_hex_int_ll_ptr.o(.constdata)
    uc_hextab                                0x0800ae8c   Data          20  _printf_hex_int_ll_ptr.o(.constdata)
    lc_hextab                                0x0800aea0   Data          20  _printf_hex_int_ll_ptr.o(.constdata)
    .constdata                               0x0800aeb4   Section       17  __printf_flags_ss_wp.o(.constdata)
    maptable                                 0x0800aeb4   Data          17  __printf_flags_ss_wp.o(.constdata)
    .constdata                               0x0800aec8   Section        8  _printf_wctomb.o(.constdata)
    initial_mbstate                          0x0800aec8   Data           8  _printf_wctomb.o(.constdata)
    .constdata                               0x0800aed0   Section      148  bigflt0.o(.constdata)
    tenpwrs_x                                0x0800aed0   Data          60  bigflt0.o(.constdata)
    tenpwrs_i                                0x0800af0c   Data          64  bigflt0.o(.constdata)
    locale$$data                             0x0800af84   Section       28  lc_numeric_c.o(locale$$data)
    __lcnum_c_name                           0x0800af88   Data           2  lc_numeric_c.o(locale$$data)
    __lcnum_c_start                          0x0800af90   Data           0  lc_numeric_c.o(locale$$data)
    __lcnum_c_point                          0x0800af9c   Data           0  lc_numeric_c.o(locale$$data)
    __lcnum_c_thousands                      0x0800af9e   Data           0  lc_numeric_c.o(locale$$data)
    __lcnum_c_grouping                       0x0800af9f   Data           0  lc_numeric_c.o(locale$$data)
    locale$$data                             0x0800afa0   Section      272  lc_ctype_c.o(locale$$data)
    __lcnum_c_end                            0x0800afa0   Data           0  lc_numeric_c.o(locale$$data)
    __lcctype_c_name                         0x0800afa4   Data           2  lc_ctype_c.o(locale$$data)
    __lcctype_c_start                        0x0800afac   Data           0  lc_ctype_c.o(locale$$data)
    __lcctype_c_end                          0x0800b0b0   Data           0  lc_ctype_c.o(locale$$data)
    .data                                    0x20000000   Section        7  main.o(.data)
    .data                                    0x20000008   Section       20  system_stm32f10x.o(.data)
    .data                                    0x2000001c   Section        1  key.o(.data)
    key_up                                   0x2000001c   Data           1  key.o(.data)
    .data                                    0x2000001e   Section        4  lcd.o(.data)
    .data                                    0x20000024   Section        4  apsta.o(.data)
    .data                                    0x20000028   Section        2  usart3.o(.data)
    .data                                    0x2000002a   Section        4  delay.o(.data)
    fac_us                                   0x2000002a   Data           1  delay.o(.data)
    fac_ms                                   0x2000002c   Data           2  delay.o(.data)
    .data                                    0x20000030   Section        6  usart.o(.data)
    .data                                    0x20000036   Section       20  stm32f10x_rcc.o(.data)
    APBAHBPrescTable                         0x20000036   Data          16  stm32f10x_rcc.o(.data)
    ADCPrescTable                            0x20000046   Data           4  stm32f10x_rcc.o(.data)
    .bss                                     0x2000004c   Section       14  lcd.o(.bss)
    .bss                                     0x2000005a   Section     1200  usart3.o(.bss)
    .bss                                     0x2000050a   Section      200  usart.o(.bss)
    .bss                                     0x200005d4   Section       96  libspace.o(.bss)
    HEAP                                     0x20000638   Section      512  startup_stm32f10x_hd.o(HEAP)
    Heap_Mem                                 0x20000638   Data         512  startup_stm32f10x_hd.o(HEAP)
    STACK                                    0x20000838   Section     1024  startup_stm32f10x_hd.o(STACK)
    Stack_Mem                                0x20000838   Data        1024  startup_stm32f10x_hd.o(STACK)
    __initial_sp                             0x20000c38   Data           0  startup_stm32f10x_hd.o(STACK)

    Global Symbols

    Symbol Name                              Value     Ov Type        Size  Object(Section)

    BuildAttributes$$THM_ISAv4$P$D$K$B$S$PE$A:L22UL41UL21$X:L11$S22US41US21$IEEE1$IW$USESV6$~STKCKD$USESV7$~SHL$OTIME$ROPI$IEEEJ$EBA8$UX$STANDARDLIB$REQ8$PRES8$EABIv2 0x00000000   Number         0  anon$$obj.o ABSOLUTE
    __ARM_use_no_argv                        0x00000000   Number         0  main.o ABSOLUTE
    _printf_flags                            0x00000000   Number         0  printf_stubs.o ABSOLUTE
    _printf_return_value                     0x00000000   Number         0  printf_stubs.o ABSOLUTE
    _printf_sizespec                         0x00000000   Number         0  printf_stubs.o ABSOLUTE
    _printf_widthprec                        0x00000000   Number         0  printf_stubs.o ABSOLUTE
    __ARM_exceptions_init                     - Undefined Weak Reference
    __alloca_initialize                       - Undefined Weak Reference
    __cpp_initialize__aeabi_                  - Undefined Weak Reference
    __cxa_finalize                            - Undefined Weak Reference
    __sigvec_lookup                           - Undefined Weak Reference
    _atexit_init                              - Undefined Weak Reference
    _call_atexit_fns                          - Undefined Weak Reference
    _clock_init                               - Undefined Weak Reference
    _fp_trap_init                             - Undefined Weak Reference
    _fp_trap_shutdown                         - Undefined Weak Reference
    _get_lc_collate                           - Undefined Weak Reference
    _get_lc_monetary                          - Undefined Weak Reference
    _get_lc_time                              - Undefined Weak Reference
    _getenv_init                              - Undefined Weak Reference
    _handle_redirection                       - Undefined Weak Reference
    _init_alloc                               - Undefined Weak Reference
    _init_user_alloc                          - Undefined Weak Reference
    _initio                                   - Undefined Weak Reference
    _mutex_acquire                            - Undefined Weak Reference
    _mutex_release                            - Undefined Weak Reference
    _printf_fp_hex                            - Undefined Weak Reference
    _printf_mbtowc                            - Undefined Weak Reference
    _printf_wc                                - Undefined Weak Reference
    _rand_init                                - Undefined Weak Reference
    _signal_finish                            - Undefined Weak Reference
    _signal_init                              - Undefined Weak Reference
    _terminate_alloc                          - Undefined Weak Reference
    _terminate_user_alloc                     - Undefined Weak Reference
    _terminateio                              - Undefined Weak Reference
    __Vectors_Size                           0x00000130   Number         0  startup_stm32f10x_hd.o ABSOLUTE
    __Vectors                                0x08000000   Data           4  startup_stm32f10x_hd.o(RESET)
    __Vectors_End                            0x08000130   Data           0  startup_stm32f10x_hd.o(RESET)
    __main                                   0x08000131   Thumb Code     8  __main.o(!!!main)
    __scatterload                            0x08000139   Thumb Code     0  __scatter.o(!!!scatter)
    __scatterload_rt2                        0x08000139   Thumb Code    44  __scatter.o(!!!scatter)
    __scatterload_rt2_thumb_only             0x08000139   Thumb Code     0  __scatter.o(!!!scatter)
    __scatterload_null                       0x08000147   Thumb Code     0  __scatter.o(!!!scatter)
    __scatterload_copy                       0x0800016d   Thumb Code    26  __scatter_copy.o(!!handler_copy)
    __scatterload_zeroinit                   0x08000189   Thumb Code    28  __scatter_zi.o(!!handler_zi)
    _printf_n                                0x080001a5   Thumb Code     0  _printf_n.o(.ARM.Collect$$_printf_percent$$00000001)
    _printf_percent                          0x080001a5   Thumb Code     0  _printf_percent.o(.ARM.Collect$$_printf_percent$$00000000)
    _printf_p                                0x080001ab   Thumb Code     0  _printf_p.o(.ARM.Collect$$_printf_percent$$00000002)
    _printf_f                                0x080001b1   Thumb Code     0  _printf_f.o(.ARM.Collect$$_printf_percent$$00000003)
    _printf_e                                0x080001b7   Thumb Code     0  _printf_e.o(.ARM.Collect$$_printf_percent$$00000004)
    _printf_g                                0x080001bd   Thumb Code     0  _printf_g.o(.ARM.Collect$$_printf_percent$$00000005)
    _printf_a                                0x080001c3   Thumb Code     0  _printf_a.o(.ARM.Collect$$_printf_percent$$00000006)
    _printf_ll                               0x080001c9   Thumb Code     0  _printf_ll.o(.ARM.Collect$$_printf_percent$$00000007)
    _printf_i                                0x080001d3   Thumb Code     0  _printf_i.o(.ARM.Collect$$_printf_percent$$00000008)
    _printf_d                                0x080001d9   Thumb Code     0  _printf_d.o(.ARM.Collect$$_printf_percent$$00000009)
    _printf_u                                0x080001df   Thumb Code     0  _printf_u.o(.ARM.Collect$$_printf_percent$$0000000A)
    _printf_o                                0x080001e5   Thumb Code     0  _printf_o.o(.ARM.Collect$$_printf_percent$$0000000B)
    _printf_x                                0x080001eb   Thumb Code     0  _printf_x.o(.ARM.Collect$$_printf_percent$$0000000C)
    _printf_lli                              0x080001f1   Thumb Code     0  _printf_lli.o(.ARM.Collect$$_printf_percent$$0000000D)
    _printf_lld                              0x080001f7   Thumb Code     0  _printf_lld.o(.ARM.Collect$$_printf_percent$$0000000E)
    _printf_llu                              0x080001fd   Thumb Code     0  _printf_llu.o(.ARM.Collect$$_printf_percent$$0000000F)
    _printf_llo                              0x08000203   Thumb Code     0  _printf_llo.o(.ARM.Collect$$_printf_percent$$00000010)
    _printf_llx                              0x08000209   Thumb Code     0  _printf_llx.o(.ARM.Collect$$_printf_percent$$00000011)
    _printf_l                                0x0800020f   Thumb Code     0  _printf_l.o(.ARM.Collect$$_printf_percent$$00000012)
    _printf_c                                0x08000219   Thumb Code     0  _printf_c.o(.ARM.Collect$$_printf_percent$$00000013)
    _printf_s                                0x0800021f   Thumb Code     0  _printf_s.o(.ARM.Collect$$_printf_percent$$00000014)
    _printf_lc                               0x08000225   Thumb Code     0  _printf_lc.o(.ARM.Collect$$_printf_percent$$00000015)
    _printf_ls                               0x0800022b   Thumb Code     0  _printf_ls.o(.ARM.Collect$$_printf_percent$$00000016)
    _printf_percent_end                      0x08000231   Thumb Code     0  _printf_percent_end.o(.ARM.Collect$$_printf_percent$$00000017)
    __rt_lib_init                            0x08000235   Thumb Code     0  libinit.o(.ARM.Collect$$libinit$$00000000)
    __rt_lib_init_fp_1                       0x08000237   Thumb Code     0  libinit2.o(.ARM.Collect$$libinit$$00000002)
    __rt_lib_init_heap_1                     0x08000237   Thumb Code     0  libinit2.o(.ARM.Collect$$libinit$$00000008)
    __rt_lib_init_lc_common                  0x08000237   Thumb Code     0  libinit2.o(.ARM.Collect$$libinit$$0000000D)
    __rt_lib_init_rand_1                     0x08000237   Thumb Code     0  libinit2.o(.ARM.Collect$$libinit$$0000000C)
    __rt_lib_init_user_alloc_1               0x08000237   Thumb Code     0  libinit2.o(.ARM.Collect$$libinit$$0000000A)
    __rt_lib_init_lc_collate_1               0x0800023d   Thumb Code     0  libinit2.o(.ARM.Collect$$libinit$$0000000F)
    __rt_lib_init_lc_ctype_2                 0x0800023d   Thumb Code     0  libinit2.o(.ARM.Collect$$libinit$$00000010)
    __rt_lib_init_lc_ctype_1                 0x08000249   Thumb Code     0  libinit2.o(.ARM.Collect$$libinit$$00000011)
    __rt_lib_init_lc_monetary_1              0x08000249   Thumb Code     0  libinit2.o(.ARM.Collect$$libinit$$00000013)
    __rt_lib_init_lc_numeric_2               0x08000249   Thumb Code     0  libinit2.o(.ARM.Collect$$libinit$$00000014)
    __rt_lib_init_alloca_1                   0x08000253   Thumb Code     0  libinit2.o(.ARM.Collect$$libinit$$0000002C)
    __rt_lib_init_argv_1                     0x08000253   Thumb Code     0  libinit2.o(.ARM.Collect$$libinit$$0000002A)
    __rt_lib_init_atexit_1                   0x08000253   Thumb Code     0  libinit2.o(.ARM.Collect$$libinit$$00000019)
    __rt_lib_init_clock_1                    0x08000253   Thumb Code     0  libinit2.o(.ARM.Collect$$libinit$$0000001F)
    __rt_lib_init_cpp_1                      0x08000253   Thumb Code     0  libinit2.o(.ARM.Collect$$libinit$$00000030)
    __rt_lib_init_exceptions_1               0x08000253   Thumb Code     0  libinit2.o(.ARM.Collect$$libinit$$0000002E)
    __rt_lib_init_fp_trap_1                  0x08000253   Thumb Code     0  libinit2.o(.ARM.Collect$$libinit$$0000001D)
    __rt_lib_init_getenv_1                   0x08000253   Thumb Code     0  libinit2.o(.ARM.Collect$$libinit$$00000021)
    __rt_lib_init_lc_numeric_1               0x08000253   Thumb Code     0  libinit2.o(.ARM.Collect$$libinit$$00000015)
    __rt_lib_init_lc_time_1                  0x08000253   Thumb Code     0  libinit2.o(.ARM.Collect$$libinit$$00000017)
    __rt_lib_init_return                     0x08000253   Thumb Code     0  libinit2.o(.ARM.Collect$$libinit$$00000031)
    __rt_lib_init_signal_1                   0x08000253   Thumb Code     0  libinit2.o(.ARM.Collect$$libinit$$0000001B)
    __rt_lib_init_stdio_1                    0x08000253   Thumb Code     0  libinit2.o(.ARM.Collect$$libinit$$00000023)
    __rt_lib_shutdown                        0x08000255   Thumb Code     0  libshutdown.o(.ARM.Collect$$libshutdown$$00000000)
    __rt_lib_shutdown_fp_trap_1              0x08000257   Thumb Code     0  libshutdown2.o(.ARM.Collect$$libshutdown$$00000006)
    __rt_lib_shutdown_heap_1                 0x08000257   Thumb Code     0  libshutdown2.o(.ARM.Collect$$libshutdown$$0000000E)
    __rt_lib_shutdown_return                 0x08000257   Thumb Code     0  libshutdown2.o(.ARM.Collect$$libshutdown$$0000000F)
    __rt_lib_shutdown_signal_1               0x08000257   Thumb Code     0  libshutdown2.o(.ARM.Collect$$libshutdown$$00000009)
    __rt_lib_shutdown_stdio_1                0x08000257   Thumb Code     0  libshutdown2.o(.ARM.Collect$$libshutdown$$00000003)
    __rt_lib_shutdown_user_alloc_1           0x08000257   Thumb Code     0  libshutdown2.o(.ARM.Collect$$libshutdown$$0000000B)
    __rt_entry                               0x08000259   Thumb Code     0  rtentry.o(.ARM.Collect$$rtentry$$00000000)
    __rt_entry_presh_1                       0x08000259   Thumb Code     0  rtentry2.o(.ARM.Collect$$rtentry$$00000002)
    __rt_entry_sh                            0x08000259   Thumb Code     0  rtentry4.o(.ARM.Collect$$rtentry$$00000004)
    __rt_entry_li                            0x0800025f   Thumb Code     0  rtentry2.o(.ARM.Collect$$rtentry$$0000000A)
    __rt_entry_postsh_1                      0x0800025f   Thumb Code     0  rtentry2.o(.ARM.Collect$$rtentry$$00000009)
    __rt_entry_main                          0x08000263   Thumb Code     0  rtentry2.o(.ARM.Collect$$rtentry$$0000000D)
    __rt_entry_postli_1                      0x08000263   Thumb Code     0  rtentry2.o(.ARM.Collect$$rtentry$$0000000C)
    __rt_exit                                0x0800026b   Thumb Code     0  rtexit.o(.ARM.Collect$$rtexit$$00000000)
    __rt_exit_ls                             0x0800026d   Thumb Code     0  rtexit2.o(.ARM.Collect$$rtexit$$00000003)
    __rt_exit_prels_1                        0x0800026d   Thumb Code     0  rtexit2.o(.ARM.Collect$$rtexit$$00000002)
    __rt_exit_exit                           0x08000271   Thumb Code     0  rtexit2.o(.ARM.Collect$$rtexit$$00000004)
    get_S                                    0x08000279   Thumb Code    32  main.o(.text)
    get_G                                    0x08000299   Thumb Code    34  main.o(.text)
    up                                       0x080002bb   Thumb Code    34  main.o(.text)
    down                                     0x080002dd   Thumb Code    34  main.o(.text)
    stop_ud                                  0x080002ff   Thumb Code    14  main.o(.text)
    left                                     0x0800030d   Thumb Code    34  main.o(.text)
    rigth                                    0x0800032f   Thumb Code    34  main.o(.text)
    stop_lr                                  0x08000351   Thumb Code    14  main.o(.text)
    get_ur3                                  0x0800035f   Thumb Code   136  main.o(.text)
    shen                                     0x080003e7   Thumb Code    64  main.o(.text)
    shuo                                     0x08000427   Thumb Code    68  main.o(.text)
    U_D                                      0x0800046b   Thumb Code    66  main.o(.text)
    cont                                     0x080004ad   Thumb Code    54  main.o(.text)
    carflaginit                              0x080004e3   Thumb Code    12  main.o(.text)
    run                                      0x080004ef   Thumb Code  1082  main.o(.text)
    main                                     0x08000929   Thumb Code   738  main.o(.text)
    TIM2_IRQHandler                          0x08000c0b   Thumb Code    32  main.o(.text)
    NMI_Handler                              0x08000c49   Thumb Code     2  stm32f10x_it.o(.text)
    HardFault_Handler                        0x08000c4b   Thumb Code     4  stm32f10x_it.o(.text)
    MemManage_Handler                        0x08000c4f   Thumb Code     4  stm32f10x_it.o(.text)
    BusFault_Handler                         0x08000c53   Thumb Code     4  stm32f10x_it.o(.text)
    UsageFault_Handler                       0x08000c57   Thumb Code     4  stm32f10x_it.o(.text)
    SVC_Handler                              0x08000c5b   Thumb Code     2  stm32f10x_it.o(.text)
    DebugMon_Handler                         0x08000c5d   Thumb Code     2  stm32f10x_it.o(.text)
    PendSV_Handler                           0x08000c5f   Thumb Code     2  stm32f10x_it.o(.text)
    SysTick_Handler                          0x08000c61   Thumb Code     2  stm32f10x_it.o(.text)
    SystemInit                               0x08000d43   Thumb Code    78  system_stm32f10x.o(.text)
    SystemCoreClockUpdate                    0x08000d91   Thumb Code   142  system_stm32f10x.o(.text)
    LED_Init                                 0x08000e45   Thumb Code    68  led.o(.text)
    KEY_Init                                 0x08000e91   Thumb Code    52  key.o(.text)
    KEY_Scan                                 0x08000ec5   Thumb Code   186  key.o(.text)
    LCD_WR_REG                               0x08000f8d   Thumb Code     6  lcd.o(.text)
    LCD_WR_DATA                              0x08000f93   Thumb Code     8  lcd.o(.text)
    LCD_RD_DATA                              0x08000f9b   Thumb Code     8  lcd.o(.text)
    LCD_WriteReg                             0x08000fa3   Thumb Code    10  lcd.o(.text)
    LCD_ReadReg                              0x08000fad   Thumb Code    22  lcd.o(.text)
    LCD_WriteRAM_Prepare                     0x08000fc3   Thumb Code    10  lcd.o(.text)
    LCD_WriteRAM                             0x08000fcd   Thumb Code     8  lcd.o(.text)
    LCD_BGR2RGB                              0x08000fd5   Thumb Code    26  lcd.o(.text)
    opt_delay                                0x08000fef   Thumb Code    14  lcd.o(.text)
    LCD_SetCursor                            0x08000ffd   Thumb Code   262  lcd.o(.text)
    LCD_ReadPoint                            0x08001103   Thumb Code   358  lcd.o(.text)
    LCD_DisplayOn                            0x08001269   Thumb Code    80  lcd.o(.text)
    LCD_DisplayOff                           0x080012b9   Thumb Code    78  lcd.o(.text)
    LCD_Scan_Dir                             0x08001307   Thumb Code   718  lcd.o(.text)
    LCD_DrawPoint                            0x080015d5   Thumb Code    28  lcd.o(.text)
    LCD_Fast_DrawPoint                       0x080015f1   Thumb Code   278  lcd.o(.text)
    LCD_Display_Dir                          0x08001707   Thumb Code   432  lcd.o(.text)
    LCD_Set_Window                           0x080018b7   Thumb Code   422  lcd.o(.text)
    LCD_Clear                                0x08001a5d   Thumb Code   100  lcd.o(.text)
    LCD_Init                                 0x08001ac1   Thumb Code 14098  lcd.o(.text)
    LCD_Fill                                 0x080051d3   Thumb Code   178  lcd.o(.text)
    LCD_Color_Fill                           0x08005285   Thumb Code   100  lcd.o(.text)
    LCD_DrawLine                             0x080052e9   Thumb Code   176  lcd.o(.text)
    LCD_DrawRectangle                        0x08005399   Thumb Code    60  lcd.o(.text)
    Draw_Circle                              0x080053d5   Thumb Code   152  lcd.o(.text)
    LCD_ShowChar                             0x0800546d   Thumb Code   340  lcd.o(.text)
    LCD_Pow                                  0x080055c1   Thumb Code    22  lcd.o(.text)
    LCD_ShowNum                              0x080055d7   Thumb Code   148  lcd.o(.text)
    LCD_ShowxNum                             0x0800566b   Thumb Code   218  lcd.o(.text)
    LCD_ShowString                           0x08005745   Thumb Code   102  lcd.o(.text)
    DHT11_Rst                                0x080057ad   Thumb Code    52  dht11.o(.text)
    DHT12_Rst                                0x080057e1   Thumb Code    54  dht11.o(.text)
    DHT11_Check                              0x08005817   Thumb Code    96  dht11.o(.text)
    DHT12_Check                              0x08005877   Thumb Code    96  dht11.o(.text)
    DHT11_Read_Bit                           0x080058d7   Thumb Code    76  dht11.o(.text)
    DHT12_Read_Bit                           0x08005923   Thumb Code    76  dht11.o(.text)
    DHT11_Read_Byte                          0x0800596f   Thumb Code    30  dht11.o(.text)
    DHT12_Read_Byte                          0x0800598d   Thumb Code    30  dht11.o(.text)
    DHT11_Read_Data                          0x080059ab   Thumb Code    88  dht11.o(.text)
    DHT12_Read_Data                          0x08005a03   Thumb Code    88  dht11.o(.text)
    DHT11_Init                               0x08005a5b   Thumb Code    58  dht11.o(.text)
    DHT12_Init                               0x08005a95   Thumb Code    58  dht11.o(.text)
    Adc_Init                                 0x08005add   Thumb Code   136  adc.o(.text)
    Get_Adc                                  0x08005b65   Thumb Code    46  adc.o(.text)
    Get_Adc_Average                          0x08005b93   Thumb Code    46  adc.o(.text)
    atk_8266_apsta_send                      0x08005bc9   Thumb Code    72  apsta.o(.text)
    atk_8266_init                            0x08005c11   Thumb Code   118  apsta.o(.text)
    atk_8266_apsta_test                      0x08005c87   Thumb Code   148  apsta.o(.text)
    atk_8266_at_response                     0x08005e25   Thumb Code    32  common.o(.text)
    atk_8266_check_cmd                       0x08005e45   Thumb Code    44  common.o(.text)
    atk_8266_send_cmd                        0x08005e71   Thumb Code   100  common.o(.text)
    atk_8266_send_data                       0x08005ed5   Thumb Code    84  common.o(.text)
    atk_8266_quit_trans                      0x08005f29   Thumb Code   100  common.o(.text)
    atk_8266_apsta_check                     0x08005f8d   Thumb Code    62  common.o(.text)
    atk_8266_consta_check                    0x08005fcb   Thumb Code    36  common.o(.text)
    USART3_IRQHandler                        0x08006071   Thumb Code    94  usart3.o(.text)
    usart3_init                              0x080060cf   Thumb Code   172  usart3.o(.text)
    u3_printf                                0x0800617b   Thumb Code    72  usart3.o(.text)
    TIM7_IRQHandler                          0x080061dd   Thumb Code    42  timer.o(.text)
    TIM7_Int_Init                            0x08006207   Thumb Code    82  timer.o(.text)
    TIM2_Int_Init                            0x08006259   Thumb Code    82  timer.o(.text)
    TIM3_Int_Init                            0x080062ab   Thumb Code    90  timer.o(.text)
    TIM3_IRQHandler                          0x08006305   Thumb Code    38  timer.o(.text)
    TIM3_PWM_Init                            0x0800632b   Thumb Code   260  timer.o(.text)
    TIM4_Int_Init                            0x0800642f   Thumb Code    90  timer.o(.text)
    TIM4_IRQHandler                          0x08006489   Thumb Code    22  timer.o(.text)
    TIM4_PWM_Init                            0x0800649f   Thumb Code   222  timer.o(.text)
    SubString                                0x0800659d   Thumb Code    66  myalg.o(.text)
    String_IndexOf                           0x080065df   Thumb Code    82  myalg.o(.text)
    My_SubString                             0x08006631   Thumb Code    80  myalg.o(.text)
    str2int                                  0x08006681   Thumb Code    70  myalg.o(.text)
    delay_init                               0x080066c9   Thumb Code    50  delay.o(.text)
    delay_us                                 0x080066fb   Thumb Code    72  delay.o(.text)
    delay_ms                                 0x08006743   Thumb Code    72  delay.o(.text)
    NVIC_Configuration                       0x0800679d   Thumb Code    12  sys.o(.text)
    _sys_exit                                0x080067a9   Thumb Code     6  usart.o(.text)
    fputc                                    0x080067af   Thumb Code    24  usart.o(.text)
    uart_init                                0x080067c7   Thumb Code   158  usart.o(.text)
    USART1_IRQHandler                        0x08006865   Thumb Code   122  usart.o(.text)
    Reset_Handler                            0x080068f1   Thumb Code     8  startup_stm32f10x_hd.o(.text)
    ADC1_2_IRQHandler                        0x0800690b   Thumb Code     0  startup_stm32f10x_hd.o(.text)
    ADC3_IRQHandler                          0x0800690b   Thumb Code     0  startup_stm32f10x_hd.o(.text)
    CAN1_RX1_IRQHandler                      0x0800690b   Thumb Code     0  startup_stm32f10x_hd.o(.text)
    CAN1_SCE_IRQHandler                      0x0800690b   Thumb Code     0  startup_stm32f10x_hd.o(.text)
    DMA1_Channel1_IRQHandler                 0x0800690b   Thumb Code     0  startup_stm32f10x_hd.o(.text)
    DMA1_Channel2_IRQHandler                 0x0800690b   Thumb Code     0  startup_stm32f10x_hd.o(.text)
    DMA1_Channel3_IRQHandler                 0x0800690b   Thumb Code     0  startup_stm32f10x_hd.o(.text)
    DMA1_Channel4_IRQHandler                 0x0800690b   Thumb Code     0  startup_stm32f10x_hd.o(.text)
    DMA1_Channel5_IRQHandler                 0x0800690b   Thumb Code     0  startup_stm32f10x_hd.o(.text)
    DMA1_Channel6_IRQHandler                 0x0800690b   Thumb Code     0  startup_stm32f10x_hd.o(.text)
    DMA1_Channel7_IRQHandler                 0x0800690b   Thumb Code     0  startup_stm32f10x_hd.o(.text)
    DMA2_Channel1_IRQHandler                 0x0800690b   Thumb Code     0  startup_stm32f10x_hd.o(.text)
    DMA2_Channel2_IRQHandler                 0x0800690b   Thumb Code     0  startup_stm32f10x_hd.o(.text)
    DMA2_Channel3_IRQHandler                 0x0800690b   Thumb Code     0  startup_stm32f10x_hd.o(.text)
    DMA2_Channel4_5_IRQHandler               0x0800690b   Thumb Code     0  startup_stm32f10x_hd.o(.text)
    EXTI0_IRQHandler                         0x0800690b   Thumb Code     0  startup_stm32f10x_hd.o(.text)
    EXTI15_10_IRQHandler                     0x0800690b   Thumb Code     0  startup_stm32f10x_hd.o(.text)
    EXTI1_IRQHandler                         0x0800690b   Thumb Code     0  startup_stm32f10x_hd.o(.text)
    EXTI2_IRQHandler                         0x0800690b   Thumb Code     0  startup_stm32f10x_hd.o(.text)
    EXTI3_IRQHandler                         0x0800690b   Thumb Code     0  startup_stm32f10x_hd.o(.text)
    EXTI4_IRQHandler                         0x0800690b   Thumb Code     0  startup_stm32f10x_hd.o(.text)
    EXTI9_5_IRQHandler                       0x0800690b   Thumb Code     0  startup_stm32f10x_hd.o(.text)
    FLASH_IRQHandler                         0x0800690b   Thumb Code     0  startup_stm32f10x_hd.o(.text)
    FSMC_IRQHandler                          0x0800690b   Thumb Code     0  startup_stm32f10x_hd.o(.text)
    I2C1_ER_IRQHandler                       0x0800690b   Thumb Code     0  startup_stm32f10x_hd.o(.text)
    I2C1_EV_IRQHandler                       0x0800690b   Thumb Code     0  startup_stm32f10x_hd.o(.text)
    I2C2_ER_IRQHandler                       0x0800690b   Thumb Code     0  startup_stm32f10x_hd.o(.text)
    I2C2_EV_IRQHandler                       0x0800690b   Thumb Code     0  startup_stm32f10x_hd.o(.text)
    PVD_IRQHandler                           0x0800690b   Thumb Code     0  startup_stm32f10x_hd.o(.text)
    RCC_IRQHandler                           0x0800690b   Thumb Code     0  startup_stm32f10x_hd.o(.text)
    RTCAlarm_IRQHandler                      0x0800690b   Thumb Code     0  startup_stm32f10x_hd.o(.text)
    RTC_IRQHandler                           0x0800690b   Thumb Code     0  startup_stm32f10x_hd.o(.text)
    SDIO_IRQHandler                          0x0800690b   Thumb Code     0  startup_stm32f10x_hd.o(.text)
    SPI1_IRQHandler                          0x0800690b   Thumb Code     0  startup_stm32f10x_hd.o(.text)
    SPI2_IRQHandler                          0x0800690b   Thumb Code     0  startup_stm32f10x_hd.o(.text)
    SPI3_IRQHandler                          0x0800690b   Thumb Code     0  startup_stm32f10x_hd.o(.text)
    TAMPER_IRQHandler                        0x0800690b   Thumb Code     0  startup_stm32f10x_hd.o(.text)
    TIM1_BRK_IRQHandler                      0x0800690b   Thumb Code     0  startup_stm32f10x_hd.o(.text)
    TIM1_CC_IRQHandler                       0x0800690b   Thumb Code     0  startup_stm32f10x_hd.o(.text)
    TIM1_TRG_COM_IRQHandler                  0x0800690b   Thumb Code     0  startup_stm32f10x_hd.o(.text)
    TIM1_UP_IRQHandler                       0x0800690b   Thumb Code     0  startup_stm32f10x_hd.o(.text)
    TIM5_IRQHandler                          0x0800690b   Thumb Code     0  startup_stm32f10x_hd.o(.text)
    TIM6_IRQHandler                          0x0800690b   Thumb Code     0  startup_stm32f10x_hd.o(.text)
    TIM8_BRK_IRQHandler                      0x0800690b   Thumb Code     0  startup_stm32f10x_hd.o(.text)
    TIM8_CC_IRQHandler                       0x0800690b   Thumb Code     0  startup_stm32f10x_hd.o(.text)
    TIM8_TRG_COM_IRQHandler                  0x0800690b   Thumb Code     0  startup_stm32f10x_hd.o(.text)
    TIM8_UP_IRQHandler                       0x0800690b   Thumb Code     0  startup_stm32f10x_hd.o(.text)
    UART4_IRQHandler                         0x0800690b   Thumb Code     0  startup_stm32f10x_hd.o(.text)
    UART5_IRQHandler                         0x0800690b   Thumb Code     0  startup_stm32f10x_hd.o(.text)
    USART2_IRQHandler                        0x0800690b   Thumb Code     0  startup_stm32f10x_hd.o(.text)
    USBWakeUp_IRQHandler                     0x0800690b   Thumb Code     0  startup_stm32f10x_hd.o(.text)
    USB_HP_CAN1_TX_IRQHandler                0x0800690b   Thumb Code     0  startup_stm32f10x_hd.o(.text)
    USB_LP_CAN1_RX0_IRQHandler               0x0800690b   Thumb Code     0  startup_stm32f10x_hd.o(.text)
    WWDG_IRQHandler                          0x0800690b   Thumb Code     0  startup_stm32f10x_hd.o(.text)
    __user_initial_stackheap                 0x0800690d   Thumb Code     0  startup_stm32f10x_hd.o(.text)
    NVIC_PriorityGroupConfig                 0x08006931   Thumb Code    10  misc.o(.text)
    NVIC_Init                                0x0800693b   Thumb Code   100  misc.o(.text)
    NVIC_SetVectorTable                      0x0800699f   Thumb Code    14  misc.o(.text)
    NVIC_SystemLPConfig                      0x080069ad   Thumb Code    34  misc.o(.text)
    SysTick_CLKSourceConfig                  0x080069cf   Thumb Code    40  misc.o(.text)
    FSMC_NORSRAMDeInit                       0x08006a0d   Thumb Code    54  stm32f10x_fsmc.o(.text)
    FSMC_NANDDeInit                          0x08006a43   Thumb Code    62  stm32f10x_fsmc.o(.text)
    FSMC_PCCARDDeInit                        0x08006a81   Thumb Code    36  stm32f10x_fsmc.o(.text)
    FSMC_NORSRAMInit                         0x08006aa5   Thumb Code   230  stm32f10x_fsmc.o(.text)
    FSMC_NANDInit                            0x08006b8b   Thumb Code   132  stm32f10x_fsmc.o(.text)
    FSMC_PCCARDInit                          0x08006c0f   Thumb Code   130  stm32f10x_fsmc.o(.text)
    FSMC_NORSRAMStructInit                   0x08006c91   Thumb Code   114  stm32f10x_fsmc.o(.text)
    FSMC_NANDStructInit                      0x08006d03   Thumb Code    54  stm32f10x_fsmc.o(.text)
    FSMC_PCCARDStructInit                    0x08006d39   Thumb Code    60  stm32f10x_fsmc.o(.text)
    FSMC_NORSRAMCmd                          0x08006d75   Thumb Code    46  stm32f10x_fsmc.o(.text)
    FSMC_NANDCmd                             0x08006da3   Thumb Code    86  stm32f10x_fsmc.o(.text)
    FSMC_PCCARDCmd                           0x08006df9   Thumb Code    44  stm32f10x_fsmc.o(.text)
    FSMC_NANDECCCmd                          0x08006e25   Thumb Code    90  stm32f10x_fsmc.o(.text)
    FSMC_GetECC                              0x08006e7f   Thumb Code    24  stm32f10x_fsmc.o(.text)
    FSMC_ITConfig                            0x08006e97   Thumb Code   128  stm32f10x_fsmc.o(.text)
    FSMC_GetFlagStatus                       0x08006f17   Thumb Code    54  stm32f10x_fsmc.o(.text)
    FSMC_ClearFlag                           0x08006f4d   Thumb Code    62  stm32f10x_fsmc.o(.text)
    FSMC_GetITStatus                         0x08006f8b   Thumb Code    64  stm32f10x_fsmc.o(.text)
    FSMC_ClearITPendingBit                   0x08006fcb   Thumb Code    68  stm32f10x_fsmc.o(.text)
    GPIO_DeInit                              0x08007019   Thumb Code   172  stm32f10x_gpio.o(.text)
    GPIO_AFIODeInit                          0x080070c5   Thumb Code    20  stm32f10x_gpio.o(.text)
    GPIO_Init                                0x080070d9   Thumb Code   278  stm32f10x_gpio.o(.text)
    GPIO_StructInit                          0x080071ef   Thumb Code    16  stm32f10x_gpio.o(.text)
    GPIO_ReadInputDataBit                    0x080071ff   Thumb Code    18  stm32f10x_gpio.o(.text)
    GPIO_ReadInputData                       0x08007211   Thumb Code     8  stm32f10x_gpio.o(.text)
    GPIO_ReadOutputDataBit                   0x08007219   Thumb Code    18  stm32f10x_gpio.o(.text)
    GPIO_ReadOutputData                      0x0800722b   Thumb Code     8  stm32f10x_gpio.o(.text)
    GPIO_SetBits                             0x08007233   Thumb Code     4  stm32f10x_gpio.o(.text)
    GPIO_ResetBits                           0x08007237   Thumb Code     4  stm32f10x_gpio.o(.text)
    GPIO_WriteBit                            0x0800723b   Thumb Code    10  stm32f10x_gpio.o(.text)
    GPIO_Write                               0x08007245   Thumb Code     4  stm32f10x_gpio.o(.text)
    GPIO_PinLockConfig                       0x08007249   Thumb Code    18  stm32f10x_gpio.o(.text)
    GPIO_EventOutputConfig                   0x0800725b   Thumb Code    26  stm32f10x_gpio.o(.text)
    GPIO_EventOutputCmd                      0x08007275   Thumb Code     6  stm32f10x_gpio.o(.text)
    GPIO_PinRemapConfig                      0x0800727b   Thumb Code   138  stm32f10x_gpio.o(.text)
    GPIO_EXTILineConfig                      0x08007305   Thumb Code    66  stm32f10x_gpio.o(.text)
    GPIO_ETH_MediaInterfaceConfig            0x08007347   Thumb Code     8  stm32f10x_gpio.o(.text)
    RCC_DeInit                               0x08007375   Thumb Code    64  stm32f10x_rcc.o(.text)
    RCC_HSEConfig                            0x080073b5   Thumb Code    70  stm32f10x_rcc.o(.text)
    RCC_GetFlagStatus                        0x080073fb   Thumb Code    56  stm32f10x_rcc.o(.text)
    RCC_WaitForHSEStartUp                    0x08007433   Thumb Code    56  stm32f10x_rcc.o(.text)
    RCC_AdjustHSICalibrationValue            0x0800746b   Thumb Code    20  stm32f10x_rcc.o(.text)
    RCC_HSICmd                               0x0800747f   Thumb Code     6  stm32f10x_rcc.o(.text)
    RCC_PLLConfig                            0x08007485   Thumb Code    24  stm32f10x_rcc.o(.text)
    RCC_PLLCmd                               0x0800749d   Thumb Code     6  stm32f10x_rcc.o(.text)
    RCC_SYSCLKConfig                         0x080074a3   Thumb Code    18  stm32f10x_rcc.o(.text)
    RCC_GetSYSCLKSource                      0x080074b5   Thumb Code    10  stm32f10x_rcc.o(.text)
    RCC_HCLKConfig                           0x080074bf   Thumb Code    18  stm32f10x_rcc.o(.text)
    RCC_PCLK1Config                          0x080074d1   Thumb Code    18  stm32f10x_rcc.o(.text)
    RCC_PCLK2Config                          0x080074e3   Thumb Code    20  stm32f10x_rcc.o(.text)
    RCC_ITConfig                             0x080074f7   Thumb Code    26  stm32f10x_rcc.o(.text)
    RCC_USBCLKConfig                         0x08007511   Thumb Code     8  stm32f10x_rcc.o(.text)
    RCC_ADCCLKConfig                         0x08007519   Thumb Code    18  stm32f10x_rcc.o(.text)
    RCC_LSEConfig                            0x0800752b   Thumb Code    50  stm32f10x_rcc.o(.text)
    RCC_LSICmd                               0x0800755d   Thumb Code     6  stm32f10x_rcc.o(.text)
    RCC_RTCCLKConfig                         0x08007563   Thumb Code    12  stm32f10x_rcc.o(.text)
    RCC_RTCCLKCmd                            0x0800756f   Thumb Code     8  stm32f10x_rcc.o(.text)
    RCC_GetClocksFreq                        0x08007577   Thumb Code   192  stm32f10x_rcc.o(.text)
    RCC_AHBPeriphClockCmd                    0x08007637   Thumb Code    26  stm32f10x_rcc.o(.text)
    RCC_APB2PeriphClockCmd                   0x08007651   Thumb Code    26  stm32f10x_rcc.o(.text)
    RCC_APB1PeriphClockCmd                   0x0800766b   Thumb Code    26  stm32f10x_rcc.o(.text)
    RCC_APB2PeriphResetCmd                   0x08007685   Thumb Code    26  stm32f10x_rcc.o(.text)
    RCC_APB1PeriphResetCmd                   0x0800769f   Thumb Code    26  stm32f10x_rcc.o(.text)
    RCC_BackupResetCmd                       0x080076b9   Thumb Code     8  stm32f10x_rcc.o(.text)
    RCC_ClockSecuritySystemCmd               0x080076c1   Thumb Code     6  stm32f10x_rcc.o(.text)
    RCC_MCOConfig                            0x080076c7   Thumb Code     6  stm32f10x_rcc.o(.text)
    RCC_ClearFlag                            0x080076cd   Thumb Code    14  stm32f10x_rcc.o(.text)
    RCC_GetITStatus                          0x080076db   Thumb Code    20  stm32f10x_rcc.o(.text)
    RCC_ClearITPendingBit                    0x080076ef   Thumb Code     6  stm32f10x_rcc.o(.text)
    USART_DeInit                             0x08007719   Thumb Code   134  stm32f10x_usart.o(.text)
    USART_Init                               0x0800779f   Thumb Code   210  stm32f10x_usart.o(.text)
    USART_StructInit                         0x08007871   Thumb Code    24  stm32f10x_usart.o(.text)
    USART_ClockInit                          0x08007889   Thumb Code    34  stm32f10x_usart.o(.text)
    USART_ClockStructInit                    0x080078ab   Thumb Code    12  stm32f10x_usart.o(.text)
    USART_Cmd                                0x080078b7   Thumb Code    24  stm32f10x_usart.o(.text)
    USART_ITConfig                           0x080078cf   Thumb Code    74  stm32f10x_usart.o(.text)
    USART_DMACmd                             0x08007919   Thumb Code    18  stm32f10x_usart.o(.text)
    USART_SetAddress                         0x0800792b   Thumb Code    18  stm32f10x_usart.o(.text)
    USART_WakeUpConfig                       0x0800793d   Thumb Code    18  stm32f10x_usart.o(.text)
    USART_ReceiverWakeUpCmd                  0x0800794f   Thumb Code    24  stm32f10x_usart.o(.text)
    USART_LINBreakDetectLengthConfig         0x08007967   Thumb Code    18  stm32f10x_usart.o(.text)
    USART_LINCmd                             0x08007979   Thumb Code    24  stm32f10x_usart.o(.text)
    USART_SendData                           0x08007991   Thumb Code     8  stm32f10x_usart.o(.text)
    USART_ReceiveData                        0x08007999   Thumb Code    10  stm32f10x_usart.o(.text)
    USART_SendBreak                          0x080079a3   Thumb Code    10  stm32f10x_usart.o(.text)
    USART_SetGuardTime                       0x080079ad   Thumb Code    16  stm32f10x_usart.o(.text)
    USART_SetPrescaler                       0x080079bd   Thumb Code    16  stm32f10x_usart.o(.text)
    USART_SmartCardCmd                       0x080079cd   Thumb Code    24  stm32f10x_usart.o(.text)
    USART_SmartCardNACKCmd                   0x080079e5   Thumb Code    24  stm32f10x_usart.o(.text)
    USART_HalfDuplexCmd                      0x080079fd   Thumb Code    24  stm32f10x_usart.o(.text)
    USART_OverSampling8Cmd                   0x08007a15   Thumb Code    22  stm32f10x_usart.o(.text)
    USART_OneBitMethodCmd                    0x08007a2b   Thumb Code    24  stm32f10x_usart.o(.text)
    USART_IrDAConfig                         0x08007a43   Thumb Code    18  stm32f10x_usart.o(.text)
    USART_IrDACmd                            0x08007a55   Thumb Code    24  stm32f10x_usart.o(.text)
    USART_GetFlagStatus                      0x08007a6d   Thumb Code    26  stm32f10x_usart.o(.text)
    USART_ClearFlag                          0x08007a87   Thumb Code    18  stm32f10x_usart.o(.text)
    USART_GetITStatus                        0x08007a99   Thumb Code    84  stm32f10x_usart.o(.text)
    USART_ClearITPendingBit                  0x08007aed   Thumb Code    52  stm32f10x_usart.o(.text)
    ADC_DeInit                               0x08007b21   Thumb Code    78  stm32f10x_adc.o(.text)
    ADC_Init                                 0x08007b6f   Thumb Code    70  stm32f10x_adc.o(.text)
    ADC_StructInit                           0x08007bb5   Thumb Code    18  stm32f10x_adc.o(.text)
    ADC_Cmd                                  0x08007bc7   Thumb Code    22  stm32f10x_adc.o(.text)
    ADC_DMACmd                               0x08007bdd   Thumb Code    22  stm32f10x_adc.o(.text)
    ADC_ITConfig                             0x08007bf3   Thumb Code    24  stm32f10x_adc.o(.text)
    ADC_ResetCalibration                     0x08007c0b   Thumb Code    10  stm32f10x_adc.o(.text)
    ADC_GetResetCalibrationStatus            0x08007c15   Thumb Code    20  stm32f10x_adc.o(.text)
    ADC_StartCalibration                     0x08007c29   Thumb Code    10  stm32f10x_adc.o(.text)
    ADC_GetCalibrationStatus                 0x08007c33   Thumb Code    20  stm32f10x_adc.o(.text)
    ADC_SoftwareStartConvCmd                 0x08007c47   Thumb Code    22  stm32f10x_adc.o(.text)
    ADC_GetSoftwareStartConvStatus           0x08007c5d   Thumb Code    20  stm32f10x_adc.o(.text)
    ADC_DiscModeChannelCountConfig           0x08007c71   Thumb Code    24  stm32f10x_adc.o(.text)
    ADC_DiscModeCmd                          0x08007c89   Thumb Code    22  stm32f10x_adc.o(.text)
    ADC_RegularChannelConfig                 0x08007c9f   Thumb Code   184  stm32f10x_adc.o(.text)
    ADC_ExternalTrigConvCmd                  0x08007d57   Thumb Code    22  stm32f10x_adc.o(.text)
    ADC_GetConversionValue                   0x08007d6d   Thumb Code     8  stm32f10x_adc.o(.text)
    ADC_GetDualModeConversionValue           0x08007d75   Thumb Code     8  stm32f10x_adc.o(.text)
    ADC_AutoInjectedConvCmd                  0x08007d7d   Thumb Code    22  stm32f10x_adc.o(.text)
    ADC_InjectedDiscModeCmd                  0x08007d93   Thumb Code    22  stm32f10x_adc.o(.text)
    ADC_ExternalTrigInjectedConvConfig       0x08007da9   Thumb Code    16  stm32f10x_adc.o(.text)
    ADC_ExternalTrigInjectedConvCmd          0x08007db9   Thumb Code    22  stm32f10x_adc.o(.text)
    ADC_SoftwareStartInjectedConvCmd         0x08007dcf   Thumb Code    22  stm32f10x_adc.o(.text)
    ADC_GetSoftwareStartInjectedConvCmdStatus 0x08007de5   Thumb Code    20  stm32f10x_adc.o(.text)
    ADC_InjectedChannelConfig                0x08007df9   Thumb Code   130  stm32f10x_adc.o(.text)
    ADC_InjectedSequencerLengthConfig        0x08007e7b   Thumb Code    24  stm32f10x_adc.o(.text)
    ADC_SetInjectedOffset                    0x08007e93   Thumb Code    20  stm32f10x_adc.o(.text)
    ADC_GetInjectedConversionValue           0x08007ea7   Thumb Code    28  stm32f10x_adc.o(.text)
    ADC_AnalogWatchdogCmd                    0x08007ec3   Thumb Code    16  stm32f10x_adc.o(.text)
    ADC_AnalogWatchdogThresholdsConfig       0x08007ed3   Thumb Code     6  stm32f10x_adc.o(.text)
    ADC_AnalogWatchdogSingleChannelConfig    0x08007ed9   Thumb Code    16  stm32f10x_adc.o(.text)
    ADC_TempSensorVrefintCmd                 0x08007ee9   Thumb Code    64  stm32f10x_adc.o(.text)
    ADC_GetFlagStatus                        0x08007f29   Thumb Code    18  stm32f10x_adc.o(.text)
    ADC_ClearFlag                            0x08007f3b   Thumb Code     6  stm32f10x_adc.o(.text)
    ADC_GetITStatus                          0x08007f41   Thumb Code    36  stm32f10x_adc.o(.text)
    ADC_ClearITPendingBit                    0x08007f65   Thumb Code    10  stm32f10x_adc.o(.text)
    TIM_DeInit                               0x08007f71   Thumb Code   424  stm32f10x_tim.o(.text)
    TIM_TimeBaseInit                         0x08008119   Thumb Code   122  stm32f10x_tim.o(.text)
    TIM_OC1Init                              0x08008193   Thumb Code   132  stm32f10x_tim.o(.text)
    TIM_OC2Init                              0x08008217   Thumb Code   154  stm32f10x_tim.o(.text)
    TIM_OC3Init                              0x080082b1   Thumb Code   150  stm32f10x_tim.o(.text)
    TIM_OC4Init                              0x08008347   Thumb Code   182  stm32f10x_tim.o(.text)
    TIM_SetIC4Prescaler                      0x080083fd   Thumb Code    26  stm32f10x_tim.o(.text)
    TIM_SetIC3Prescaler                      0x08008499   Thumb Code    18  stm32f10x_tim.o(.text)
    TIM_SetIC2Prescaler                      0x08008525   Thumb Code    26  stm32f10x_tim.o(.text)
    TIM_SetIC1Prescaler                      0x080085c1   Thumb Code    18  stm32f10x_tim.o(.text)
    TIM_ICInit                               0x0800863f   Thumb Code   150  stm32f10x_tim.o(.text)
    TIM_PWMIConfig                           0x080086d5   Thumb Code   124  stm32f10x_tim.o(.text)
    TIM_BDTRConfig                           0x08008751   Thumb Code    32  stm32f10x_tim.o(.text)
    TIM_TimeBaseStructInit                   0x08008771   Thumb Code    18  stm32f10x_tim.o(.text)
    TIM_OCStructInit                         0x08008783   Thumb Code    20  stm32f10x_tim.o(.text)
    TIM_ICStructInit                         0x08008797   Thumb Code    18  stm32f10x_tim.o(.text)
    TIM_BDTRStructInit                       0x080087a9   Thumb Code    40  stm32f10x_tim.o(.text)
    TIM_Cmd                                  0x080087d1   Thumb Code    24  stm32f10x_tim.o(.text)
    TIM_CtrlPWMOutputs                       0x080087e9   Thumb Code    30  stm32f10x_tim.o(.text)
    TIM_ITConfig                             0x08008807   Thumb Code    18  stm32f10x_tim.o(.text)
    TIM_GenerateEvent                        0x08008819   Thumb Code     4  stm32f10x_tim.o(.text)
    TIM_DMAConfig                            0x0800881d   Thumb Code    10  stm32f10x_tim.o(.text)
    TIM_DMACmd                               0x08008827   Thumb Code    18  stm32f10x_tim.o(.text)
    TIM_InternalClockConfig                  0x08008839   Thumb Code    12  stm32f10x_tim.o(.text)
    TIM_SelectInputTrigger                   0x08008845   Thumb Code    18  stm32f10x_tim.o(.text)
    TIM_ITRxExternalClockConfig              0x08008857   Thumb Code    24  stm32f10x_tim.o(.text)
    TIM_TIxExternalClockConfig               0x0800886f   Thumb Code    62  stm32f10x_tim.o(.text)
    TIM_ETRConfig                            0x080088ad   Thumb Code    28  stm32f10x_tim.o(.text)
    TIM_ETRClockMode1Config                  0x080088c9   Thumb Code    54  stm32f10x_tim.o(.text)
    TIM_ETRClockMode2Config                  0x080088ff   Thumb Code    32  stm32f10x_tim.o(.text)
    TIM_PrescalerConfig                      0x0800891f   Thumb Code     6  stm32f10x_tim.o(.text)
    TIM_CounterModeConfig                    0x08008925   Thumb Code    18  stm32f10x_tim.o(.text)
    TIM_EncoderInterfaceConfig               0x08008937   Thumb Code    66  stm32f10x_tim.o(.text)
    TIM_ForcedOC1Config                      0x08008979   Thumb Code    18  stm32f10x_tim.o(.text)
    TIM_ForcedOC2Config                      0x0800898b   Thumb Code    26  stm32f10x_tim.o(.text)
    TIM_ForcedOC3Config                      0x080089a5   Thumb Code    18  stm32f10x_tim.o(.text)
    TIM_ForcedOC4Config                      0x080089b7   Thumb Code    26  stm32f10x_tim.o(.text)
    TIM_ARRPreloadConfig                     0x080089d1   Thumb Code    24  stm32f10x_tim.o(.text)
    TIM_SelectCOM                            0x080089e9   Thumb Code    24  stm32f10x_tim.o(.text)
    TIM_SelectCCDMA                          0x08008a01   Thumb Code    24  stm32f10x_tim.o(.text)
    TIM_CCPreloadControl                     0x08008a19   Thumb Code    24  stm32f10x_tim.o(.text)
    TIM_OC1PreloadConfig                     0x08008a31   Thumb Code    18  stm32f10x_tim.o(.text)
    TIM_OC2PreloadConfig                     0x08008a43   Thumb Code    26  stm32f10x_tim.o(.text)
    TIM_OC3PreloadConfig                     0x08008a5d   Thumb Code    18  stm32f10x_tim.o(.text)
    TIM_OC4PreloadConfig                     0x08008a6f   Thumb Code    26  stm32f10x_tim.o(.text)
    TIM_OC1FastConfig                        0x08008a89   Thumb Code    18  stm32f10x_tim.o(.text)
    TIM_OC2FastConfig                        0x08008a9b   Thumb Code    26  stm32f10x_tim.o(.text)
    TIM_OC3FastConfig                        0x08008ab5   Thumb Code    18  stm32f10x_tim.o(.text)
    TIM_OC4FastConfig                        0x08008ac7   Thumb Code    26  stm32f10x_tim.o(.text)
    TIM_ClearOC1Ref                          0x08008ae1   Thumb Code    18  stm32f10x_tim.o(.text)
    TIM_ClearOC2Ref                          0x08008af3   Thumb Code    24  stm32f10x_tim.o(.text)
    TIM_ClearOC3Ref                          0x08008b0b   Thumb Code    18  stm32f10x_tim.o(.text)
    TIM_ClearOC4Ref                          0x08008b1d   Thumb Code    24  stm32f10x_tim.o(.text)
    TIM_OC1PolarityConfig                    0x08008b35   Thumb Code    18  stm32f10x_tim.o(.text)
    TIM_OC1NPolarityConfig                   0x08008b47   Thumb Code    18  stm32f10x_tim.o(.text)
    TIM_OC2PolarityConfig                    0x08008b59   Thumb Code    26  stm32f10x_tim.o(.text)
    TIM_OC2NPolarityConfig                   0x08008b73   Thumb Code    26  stm32f10x_tim.o(.text)
    TIM_OC3PolarityConfig                    0x08008b8d   Thumb Code    26  stm32f10x_tim.o(.text)
    TIM_OC3NPolarityConfig                   0x08008ba7   Thumb Code    26  stm32f10x_tim.o(.text)
    TIM_OC4PolarityConfig                    0x08008bc1   Thumb Code    26  stm32f10x_tim.o(.text)
    TIM_CCxCmd                               0x08008bdb   Thumb Code    30  stm32f10x_tim.o(.text)
    TIM_CCxNCmd                              0x08008bf9   Thumb Code    30  stm32f10x_tim.o(.text)
    TIM_SelectOCxM                           0x08008c17   Thumb Code    82  stm32f10x_tim.o(.text)
    TIM_UpdateDisableConfig                  0x08008c69   Thumb Code    24  stm32f10x_tim.o(.text)
    TIM_UpdateRequestConfig                  0x08008c81   Thumb Code    24  stm32f10x_tim.o(.text)
    TIM_SelectHallSensor                     0x08008c99   Thumb Code    24  stm32f10x_tim.o(.text)
    TIM_SelectOnePulseMode                   0x08008cb1   Thumb Code    18  stm32f10x_tim.o(.text)
    TIM_SelectOutputTrigger                  0x08008cc3   Thumb Code    18  stm32f10x_tim.o(.text)
    TIM_SelectSlaveMode                      0x08008cd5   Thumb Code    18  stm32f10x_tim.o(.text)
    TIM_SelectMasterSlaveMode                0x08008ce7   Thumb Code    18  stm32f10x_tim.o(.text)
    TIM_SetCounter                           0x08008cf9   Thumb Code     4  stm32f10x_tim.o(.text)
    TIM_SetAutoreload                        0x08008cfd   Thumb Code     4  stm32f10x_tim.o(.text)
    TIM_SetCompare1                          0x08008d01   Thumb Code     4  stm32f10x_tim.o(.text)
    TIM_SetCompare2                          0x08008d05   Thumb Code     4  stm32f10x_tim.o(.text)
    TIM_SetCompare3                          0x08008d09   Thumb Code     4  stm32f10x_tim.o(.text)
    TIM_SetCompare4                          0x08008d0d   Thumb Code     6  stm32f10x_tim.o(.text)
    TIM_SetClockDivision                     0x08008d13   Thumb Code    18  stm32f10x_tim.o(.text)
    TIM_GetCapture1                          0x08008d25   Thumb Code     6  stm32f10x_tim.o(.text)
    TIM_GetCapture2                          0x08008d2b   Thumb Code     6  stm32f10x_tim.o(.text)
    TIM_GetCapture3                          0x08008d31   Thumb Code     6  stm32f10x_tim.o(.text)
    TIM_GetCapture4                          0x08008d37   Thumb Code     8  stm32f10x_tim.o(.text)
    TIM_GetCounter                           0x08008d3f   Thumb Code     6  stm32f10x_tim.o(.text)
    TIM_GetPrescaler                         0x08008d45   Thumb Code     6  stm32f10x_tim.o(.text)
    TIM_GetFlagStatus                        0x08008d4b   Thumb Code    18  stm32f10x_tim.o(.text)
    TIM_ClearFlag                            0x08008d5d   Thumb Code     6  stm32f10x_tim.o(.text)
    TIM_GetITStatus                          0x08008d63   Thumb Code    34  stm32f10x_tim.o(.text)
    TIM_ClearITPendingBit                    0x08008d85   Thumb Code     6  stm32f10x_tim.o(.text)
    __use_no_semihosting                     0x08008d8b   Thumb Code     2  use_no_semi_2.o(.text)
    __c89vsprintf                            0x08008d8d   Thumb Code    32  c89vsprintf.o(.text)
    __2printf                                0x08008db1   Thumb Code    20  __2printf.o(.text)
    __2sprintf                               0x08008dc9   Thumb Code    38  __2sprintf.o(.text)
    _printf_int_dec                          0x08008df5   Thumb Code   100  _printf_dec.o(.text)
    _printf_longlong_hex                     0x08008e69   Thumb Code    86  _printf_hex_int_ll_ptr.o(.text)
    _printf_int_hex                          0x08008ebf   Thumb Code    28  _printf_hex_int_ll_ptr.o(.text)
    _printf_ll_hex                           0x08008edb   Thumb Code    12  _printf_hex_int_ll_ptr.o(.text)
    _printf_hex_ptr                          0x08008ee7   Thumb Code    18  _printf_hex_int_ll_ptr.o(.text)
    __printf                                 0x08008efd   Thumb Code   388  __printf_flags_ss_wp.o(.text)
    strstr                                   0x08009085   Thumb Code    36  strstr.o(.text)
    strlen                                   0x080090a9   Thumb Code    62  strlen.o(.text)
    __use_two_region_memory                  0x080090e7   Thumb Code     2  heapauxi.o(.text)
    __rt_heap_escrow$2region                 0x080090e9   Thumb Code     2  heapauxi.o(.text)
    __rt_heap_expand$2region                 0x080090eb   Thumb Code     2  heapauxi.o(.text)
    __I$use$semihosting                      0x080090ed   Thumb Code     0  use_no_semi.o(.text)
    __use_no_semihosting_swi                 0x080090ed   Thumb Code     2  use_no_semi.o(.text)
    _printf_pre_padding                      0x080090ef   Thumb Code    44  _printf_pad.o(.text)
    _printf_post_padding                     0x0800911b   Thumb Code    34  _printf_pad.o(.text)
    _printf_truncate_signed                  0x0800913d   Thumb Code    18  _printf_truncate.o(.text)
    _printf_truncate_unsigned                0x0800914f   Thumb Code    18  _printf_truncate.o(.text)
    _printf_str                              0x08009161   Thumb Code    82  _printf_str.o(.text)
    _printf_int_common                       0x080091b3   Thumb Code   178  _printf_intcommon.o(.text)
    _printf_charcount                        0x08009265   Thumb Code    40  _printf_charcount.o(.text)
    _printf_char_common                      0x08009297   Thumb Code    32  _printf_char_common.o(.text)
    _sputc                                   0x080092bd   Thumb Code    10  _sputc.o(.text)
    _printf_char_file                        0x080092c9   Thumb Code    32  _printf_char_file.o(.text)
    _printf_wctomb                           0x080092ed   Thumb Code   182  _printf_wctomb.o(.text)
    _printf_longlong_dec                     0x080093a9   Thumb Code   104  _printf_longlong_dec.o(.text)
    _printf_longlong_oct                     0x08009421   Thumb Code    68  _printf_oct_int_ll.o(.text)
    _printf_int_oct                          0x08009465   Thumb Code    24  _printf_oct_int_ll.o(.text)
    _printf_ll_oct                           0x0800947d   Thumb Code    12  _printf_oct_int_ll.o(.text)
    _ll_udiv10                               0x08009491   Thumb Code   138  lludiv10.o(.text)
    __lib_sel_fp_printf                      0x0800951b   Thumb Code     2  _printf_fp_dec.o(.text)
    _printf_fp_dec_real                      0x080096c9   Thumb Code   616  _printf_fp_dec.o(.text)
    _printf_cs_common                        0x08009931   Thumb Code    20  _printf_char.o(.text)
    _printf_char                             0x08009945   Thumb Code    16  _printf_char.o(.text)
    _printf_string                           0x08009955   Thumb Code     8  _printf_char.o(.text)
    _printf_lcs_common                       0x0800995d   Thumb Code    20  _printf_wchar.o(.text)
    _printf_wchar                            0x08009971   Thumb Code    16  _printf_wchar.o(.text)
    _printf_wstring                          0x08009981   Thumb Code     8  _printf_wchar.o(.text)
    ferror                                   0x08009989   Thumb Code     8  ferror.o(.text)
    _wcrtomb                                 0x08009991   Thumb Code    64  _wcrtomb.o(.text)
    __user_setup_stackheap                   0x080099d1   Thumb Code    74  sys_stackheap_outer.o(.text)
    __rt_ctype_table                         0x08009a1d   Thumb Code    16  rt_ctype_table.o(.text)
    __rt_locale                              0x08009a2d   Thumb Code     8  rt_locale_intlibspace.o(.text)
    _printf_fp_infnan                        0x08009a35   Thumb Code   112  _printf_fp_infnan.o(.text)
    _btod_etento                             0x08009ab5   Thumb Code   212  bigflt0.o(.text)
    exit                                     0x08009b8d   Thumb Code    12  exit.o(.text)
    __user_libspace                          0x08009b99   Thumb Code     8  libspace.o(.text)
    __user_perproc_libspace                  0x08009b99   Thumb Code     0  libspace.o(.text)
    __user_perthread_libspace                0x08009b99   Thumb Code     0  libspace.o(.text)
    strcmp                                   0x08009ba1   Thumb Code   128  strcmpv7m.o(.text)
    _btod_d2e                                0x08009c21   Thumb Code    62  btod.o(CL$$btod_d2e)
    _d2e_denorm_low                          0x08009c5f   Thumb Code    70  btod.o(CL$$btod_d2e_denorm_low)
    _d2e_norm_op1                            0x08009ca5   Thumb Code    96  btod.o(CL$$btod_d2e_norm_op1)
    __btod_div_common                        0x08009d05   Thumb Code   696  btod.o(CL$$btod_div_common)
    _e2e                                     0x0800a03d   Thumb Code   198  btod.o(CL$$btod_e2e)
    _btod_ediv                               0x0800a103   Thumb Code    40  btod.o(CL$$btod_ediv)
    _btod_emul                               0x0800a12b   Thumb Code    40  btod.o(CL$$btod_emul)
    __btod_mult_common                       0x0800a153   Thumb Code   580  btod.o(CL$$btod_mult_common)
    __ARM_fpclassify                         0x0800a397   Thumb Code    40  fpclassify.o(i.__ARM_fpclassify)
    _is_digit                                0x0800a3bf   Thumb Code    14  __printf_wp.o(i._is_digit)
    _get_lc_numeric                          0x0800a3cd   Thumb Code    44  lc_numeric_c.o(locale$$code)
    _get_lc_ctype                            0x0800a3f9   Thumb Code    44  lc_ctype_c.o(locale$$code)
    _printf_fp_dec                           0x0800a425   Thumb Code     4  printf1.o(x$fpl$printf1)
    __I$use$fp                               0x0800a428   Number         0  usenofp.o(x$fpl$usenofp)
    asc2_1206                                0x0800a428   Data        1140  lcd.o(.constdata)
    asc2_1608                                0x0800a89c   Data        1520  lcd.o(.constdata)
    Region$$Table$$Base                      0x0800af64   Number         0  anon$$obj.o(Region$$Table)
    Region$$Table$$Limit                     0x0800af84   Number         0  anon$$obj.o(Region$$Table)
    __ctype                                  0x0800afad   Data           0  lc_ctype_c.o(locale$$data)
    sendflag                                 0x20000000   Data           1  main.o(.data)
    carflag                                  0x20000001   Data           3  main.o(.data)
    carnow                                   0x20000004   Data           3  main.o(.data)
    SystemCoreClock                          0x20000008   Data           4  system_stm32f10x.o(.data)
    AHBPrescTable                            0x2000000c   Data          16  system_stm32f10x.o(.data)
    POINT_COLOR                              0x2000001e   Data           2  lcd.o(.data)
    BACK_COLOR                               0x20000020   Data           2  lcd.o(.data)
    name                                     0x20000024   Data           4  apsta.o(.data)
    USART3_RX_STA                            0x20000028   Data           2  usart3.o(.data)
    __stdout                                 0x20000030   Data           4  usart.o(.data)
    USART_RX_STA                             0x20000034   Data           2  usart.o(.data)
    lcddev                                   0x2000004c   Data          14  lcd.o(.bss)
    USART3_RX_BUF                            0x2000005a   Data         600  usart3.o(.bss)
    USART3_TX_BUF                            0x200002b2   Data         600  usart3.o(.bss)
    USART_RX_BUF                             0x2000050a   Data         200  usart.o(.bss)
    __libspace_start                         0x200005d4   Data          96  libspace.o(.bss)
    __temporary_stack_top$libspace           0x20000634   Data           0  libspace.o(.bss)



==============================================================================

Memory Map of the image

  Image Entry point : 0x08000131

  Load Region LR_IROM1 (Base: 0x08000000, Size: 0x0000b0fc, Max: 0x00080000, ABSOLUTE)

    Execution Region ER_IROM1 (Base: 0x08000000, Size: 0x0000b0b0, Max: 0x00080000, ABSOLUTE)

    Base Addr    Size         Type   Attr      Idx    E Section Name        Object

    0x08000000   0x00000130   Data   RO          456    RESET               startup_stm32f10x_hd.o
    0x08000130   0x00000008   Code   RO          627  * !!!main             c_w.l(__main.o)
    0x08000138   0x00000034   Code   RO          892    !!!scatter          c_w.l(__scatter.o)
    0x0800016c   0x0000001a   Code   RO          894    !!handler_copy      c_w.l(__scatter_copy.o)
    0x08000186   0x00000002   PAD
    0x08000188   0x0000001c   Code   RO          896    !!handler_zi        c_w.l(__scatter_zi.o)
    0x080001a4   0x00000000   Code   RO          620    .ARM.Collect$$_printf_percent$$00000000  c_w.l(_printf_percent.o)
    0x080001a4   0x00000006   Code   RO          661    .ARM.Collect$$_printf_percent$$00000001  c_w.l(_printf_n.o)
    0x080001aa   0x00000006   Code   RO          662    .ARM.Collect$$_printf_percent$$00000002  c_w.l(_printf_p.o)
    0x080001b0   0x00000006   Code   RO          666    .ARM.Collect$$_printf_percent$$00000003  c_w.l(_printf_f.o)
    0x080001b6   0x00000006   Code   RO          667    .ARM.Collect$$_printf_percent$$00000004  c_w.l(_printf_e.o)
    0x080001bc   0x00000006   Code   RO          668    .ARM.Collect$$_printf_percent$$00000005  c_w.l(_printf_g.o)
    0x080001c2   0x00000006   Code   RO          669    .ARM.Collect$$_printf_percent$$00000006  c_w.l(_printf_a.o)
    0x080001c8   0x0000000a   Code   RO          674    .ARM.Collect$$_printf_percent$$00000007  c_w.l(_printf_ll.o)
    0x080001d2   0x00000006   Code   RO          664    .ARM.Collect$$_printf_percent$$00000008  c_w.l(_printf_i.o)
    0x080001d8   0x00000006   Code   RO          619    .ARM.Collect$$_printf_percent$$00000009  c_w.l(_printf_d.o)
    0x080001de   0x00000006   Code   RO          665    .ARM.Collect$$_printf_percent$$0000000A  c_w.l(_printf_u.o)
    0x080001e4   0x00000006   Code   RO          663    .ARM.Collect$$_printf_percent$$0000000B  c_w.l(_printf_o.o)
    0x080001ea   0x00000006   Code   RO          618    .ARM.Collect$$_printf_percent$$0000000C  c_w.l(_printf_x.o)
    0x080001f0   0x00000006   Code   RO          671    .ARM.Collect$$_printf_percent$$0000000D  c_w.l(_printf_lli.o)
    0x080001f6   0x00000006   Code   RO          672    .ARM.Collect$$_printf_percent$$0000000E  c_w.l(_printf_lld.o)
    0x080001fc   0x00000006   Code   RO          673    .ARM.Collect$$_printf_percent$$0000000F  c_w.l(_printf_llu.o)
    0x08000202   0x00000006   Code   RO          678    .ARM.Collect$$_printf_percent$$00000010  c_w.l(_printf_llo.o)
    0x08000208   0x00000006   Code   RO          679    .ARM.Collect$$_printf_percent$$00000011  c_w.l(_printf_llx.o)
    0x0800020e   0x0000000a   Code   RO          675    .ARM.Collect$$_printf_percent$$00000012  c_w.l(_printf_l.o)
    0x08000218   0x00000006   Code   RO          659    .ARM.Collect$$_printf_percent$$00000013  c_w.l(_printf_c.o)
    0x0800021e   0x00000006   Code   RO          660    .ARM.Collect$$_printf_percent$$00000014  c_w.l(_printf_s.o)
    0x08000224   0x00000006   Code   RO          676    .ARM.Collect$$_printf_percent$$00000015  c_w.l(_printf_lc.o)
    0x0800022a   0x00000006   Code   RO          677    .ARM.Collect$$_printf_percent$$00000016  c_w.l(_printf_ls.o)
    0x08000230   0x00000004   Code   RO          670    .ARM.Collect$$_printf_percent$$00000017  c_w.l(_printf_percent_end.o)
    0x08000234   0x00000002   Code   RO          759    .ARM.Collect$$libinit$$00000000  c_w.l(libinit.o)
    0x08000236   0x00000000   Code   RO          776    .ARM.Collect$$libinit$$00000002  c_w.l(libinit2.o)
    0x08000236   0x00000000   Code   RO          779    .ARM.Collect$$libinit$$00000008  c_w.l(libinit2.o)
    0x08000236   0x00000000   Code   RO          781    .ARM.Collect$$libinit$$0000000A  c_w.l(libinit2.o)
    0x08000236   0x00000000   Code   RO          783    .ARM.Collect$$libinit$$0000000C  c_w.l(libinit2.o)
    0x08000236   0x00000006   Code   RO          784    .ARM.Collect$$libinit$$0000000D  c_w.l(libinit2.o)
    0x0800023c   0x00000000   Code   RO          786    .ARM.Collect$$libinit$$0000000F  c_w.l(libinit2.o)
    0x0800023c   0x0000000c   Code   RO          787    .ARM.Collect$$libinit$$00000010  c_w.l(libinit2.o)
    0x08000248   0x00000000   Code   RO          788    .ARM.Collect$$libinit$$00000011  c_w.l(libinit2.o)
    0x08000248   0x00000000   Code   RO          790    .ARM.Collect$$libinit$$00000013  c_w.l(libinit2.o)
    0x08000248   0x0000000a   Code   RO          791    .ARM.Collect$$libinit$$00000014  c_w.l(libinit2.o)
    0x08000252   0x00000000   Code   RO          792    .ARM.Collect$$libinit$$00000015  c_w.l(libinit2.o)
    0x08000252   0x00000000   Code   RO          794    .ARM.Collect$$libinit$$00000017  c_w.l(libinit2.o)
    0x08000252   0x00000000   Code   RO          796    .ARM.Collect$$libinit$$00000019  c_w.l(libinit2.o)
    0x08000252   0x00000000   Code   RO          798    .ARM.Collect$$libinit$$0000001B  c_w.l(libinit2.o)
    0x08000252   0x00000000   Code   RO          800    .ARM.Collect$$libinit$$0000001D  c_w.l(libinit2.o)
    0x08000252   0x00000000   Code   RO          802    .ARM.Collect$$libinit$$0000001F  c_w.l(libinit2.o)
    0x08000252   0x00000000   Code   RO          804    .ARM.Collect$$libinit$$00000021  c_w.l(libinit2.o)
    0x08000252   0x00000000   Code   RO          806    .ARM.Collect$$libinit$$00000023  c_w.l(libinit2.o)
    0x08000252   0x00000000   Code   RO          810    .ARM.Collect$$libinit$$0000002A  c_w.l(libinit2.o)
    0x08000252   0x00000000   Code   RO          812    .ARM.Collect$$libinit$$0000002C  c_w.l(libinit2.o)
    0x08000252   0x00000000   Code   RO          814    .ARM.Collect$$libinit$$0000002E  c_w.l(libinit2.o)
    0x08000252   0x00000000   Code   RO          816    .ARM.Collect$$libinit$$00000030  c_w.l(libinit2.o)
    0x08000252   0x00000002   Code   RO          817    .ARM.Collect$$libinit$$00000031  c_w.l(libinit2.o)
    0x08000254   0x00000002   Code   RO          835    .ARM.Collect$$libshutdown$$00000000  c_w.l(libshutdown.o)
    0x08000256   0x00000000   Code   RO          846    .ARM.Collect$$libshutdown$$00000003  c_w.l(libshutdown2.o)
    0x08000256   0x00000000   Code   RO          849    .ARM.Collect$$libshutdown$$00000006  c_w.l(libshutdown2.o)
    0x08000256   0x00000000   Code   RO          852    .ARM.Collect$$libshutdown$$00000009  c_w.l(libshutdown2.o)
    0x08000256   0x00000000   Code   RO          854    .ARM.Collect$$libshutdown$$0000000B  c_w.l(libshutdown2.o)
    0x08000256   0x00000000   Code   RO          857    .ARM.Collect$$libshutdown$$0000000E  c_w.l(libshutdown2.o)
    0x08000256   0x00000002   Code   RO          858    .ARM.Collect$$libshutdown$$0000000F  c_w.l(libshutdown2.o)
    0x08000258   0x00000000   Code   RO          631    .ARM.Collect$$rtentry$$00000000  c_w.l(rtentry.o)
    0x08000258   0x00000000   Code   RO          683    .ARM.Collect$$rtentry$$00000002  c_w.l(rtentry2.o)
    0x08000258   0x00000006   Code   RO          695    .ARM.Collect$$rtentry$$00000004  c_w.l(rtentry4.o)
    0x0800025e   0x00000000   Code   RO          685    .ARM.Collect$$rtentry$$00000009  c_w.l(rtentry2.o)
    0x0800025e   0x00000004   Code   RO          686    .ARM.Collect$$rtentry$$0000000A  c_w.l(rtentry2.o)
    0x08000262   0x00000000   Code   RO          688    .ARM.Collect$$rtentry$$0000000C  c_w.l(rtentry2.o)
    0x08000262   0x00000008   Code   RO          689    .ARM.Collect$$rtentry$$0000000D  c_w.l(rtentry2.o)
    0x0800026a   0x00000002   Code   RO          768    .ARM.Collect$$rtexit$$00000000  c_w.l(rtexit.o)
    0x0800026c   0x00000000   Code   RO          819    .ARM.Collect$$rtexit$$00000002  c_w.l(rtexit2.o)
    0x0800026c   0x00000004   Code   RO          820    .ARM.Collect$$rtexit$$00000003  c_w.l(rtexit2.o)
    0x08000270   0x00000006   Code   RO          821    .ARM.Collect$$rtexit$$00000004  c_w.l(rtexit2.o)
    0x08000276   0x00000002   PAD
    0x08000278   0x000009d0   Code   RO            1    .text               main.o
    0x08000c48   0x0000001a   Code   RO          108    .text               stm32f10x_it.o
    0x08000c62   0x00000002   PAD
    0x08000c64   0x000001e0   Code   RO          146    .text               system_stm32f10x.o
    0x08000e44   0x0000004c   Code   RO          164    .text               led.o
    0x08000e90   0x000000fc   Code   RO          176    .text               key.o
    0x08000f8c   0x0000481e   Code   RO          236    .text               lcd.o
    0x080057aa   0x00000002   PAD
    0x080057ac   0x00000330   Code   RO          263    .text               dht11.o
    0x08005adc   0x000000ec   Code   RO          278    .text               adc.o
    0x08005bc8   0x0000025c   Code   RO          293    .text               apsta.o
    0x08005e24   0x0000024c   Code   RO          318    .text               common.o
    0x08006070   0x0000016c   Code   RO          337    .text               usart3.o
    0x080061dc   0x000003c0   Code   RO          363    .text               timer.o
    0x0800659c   0x0000012a   Code   RO          376    .text               myalg.o
    0x080066c6   0x00000002   PAD
    0x080066c8   0x000000d4   Code   RO          394    .text               delay.o
    0x0800679c   0x0000000c   Code   RO          408    .text               sys.o
    0x080067a8   0x00000148   Code   RO          420    .text               usart.o
    0x080068f0   0x00000040   Code   RO          457    .text               startup_stm32f10x_hd.o
    0x08006930   0x000000dc   Code   RO          461    .text               misc.o
    0x08006a0c   0x0000060c   Code   RO          473    .text               stm32f10x_fsmc.o
    0x08007018   0x0000035c   Code   RO          485    .text               stm32f10x_gpio.o
    0x08007374   0x000003a4   Code   RO          497    .text               stm32f10x_rcc.o
    0x08007718   0x00000408   Code   RO          511    .text               stm32f10x_usart.o
    0x08007b20   0x0000044e   Code   RO          523    .text               stm32f10x_adc.o
    0x08007f6e   0x00000002   PAD
    0x08007f70   0x00000e1a   Code   RO          535    .text               stm32f10x_tim.o
    0x08008d8a   0x00000002   Code   RO          561    .text               c_w.l(use_no_semi_2.o)
    0x08008d8c   0x00000024   Code   RO          563    .text               c_w.l(c89vsprintf.o)
    0x08008db0   0x00000018   Code   RO          565    .text               c_w.l(__2printf.o)
    0x08008dc8   0x0000002c   Code   RO          567    .text               c_w.l(__2sprintf.o)
    0x08008df4   0x00000074   Code   RO          575    .text               c_w.l(_printf_dec.o)
    0x08008e68   0x00000094   Code   RO          595    .text               c_w.l(_printf_hex_int_ll_ptr.o)
    0x08008efc   0x00000188   Code   RO          615    .text               c_w.l(__printf_flags_ss_wp.o)
    0x08009084   0x00000024   Code   RO          621    .text               c_w.l(strstr.o)
    0x080090a8   0x0000003e   Code   RO          623    .text               c_w.l(strlen.o)
    0x080090e6   0x00000006   Code   RO          625    .text               c_w.l(heapauxi.o)
    0x080090ec   0x00000002   Code   RO          629    .text               c_w.l(use_no_semi.o)
    0x080090ee   0x0000004e   Code   RO          632    .text               c_w.l(_printf_pad.o)
    0x0800913c   0x00000024   Code   RO          634    .text               c_w.l(_printf_truncate.o)
    0x08009160   0x00000052   Code   RO          636    .text               c_w.l(_printf_str.o)
    0x080091b2   0x000000b2   Code   RO          638    .text               c_w.l(_printf_intcommon.o)
    0x08009264   0x00000028   Code   RO          640    .text               c_w.l(_printf_charcount.o)
    0x0800928c   0x00000030   Code   RO          642    .text               c_w.l(_printf_char_common.o)
    0x080092bc   0x0000000a   Code   RO          644    .text               c_w.l(_sputc.o)
    0x080092c6   0x00000002   PAD
    0x080092c8   0x00000024   Code   RO          646    .text               c_w.l(_printf_char_file.o)
    0x080092ec   0x000000bc   Code   RO          648    .text               c_w.l(_printf_wctomb.o)
    0x080093a8   0x00000078   Code   RO          651    .text               c_w.l(_printf_longlong_dec.o)
    0x08009420   0x00000070   Code   RO          657    .text               c_w.l(_printf_oct_int_ll.o)
    0x08009490   0x0000008a   Code   RO          697    .text               c_w.l(lludiv10.o)
    0x0800951a   0x00000416   Code   RO          699    .text               c_w.l(_printf_fp_dec.o)
    0x08009930   0x0000002c   Code   RO          703    .text               c_w.l(_printf_char.o)
    0x0800995c   0x0000002c   Code   RO          705    .text               c_w.l(_printf_wchar.o)
    0x08009988   0x00000008   Code   RO          707    .text               c_w.l(ferror.o)
    0x08009990   0x00000040   Code   RO          711    .text               c_w.l(_wcrtomb.o)
    0x080099d0   0x0000004a   Code   RO          713    .text               c_w.l(sys_stackheap_outer.o)
    0x08009a1a   0x00000002   PAD
    0x08009a1c   0x00000010   Code   RO          715    .text               c_w.l(rt_ctype_table.o)
    0x08009a2c   0x00000008   Code   RO          720    .text               c_w.l(rt_locale_intlibspace.o)
    0x08009a34   0x00000080   Code   RO          722    .text               c_w.l(_printf_fp_infnan.o)
    0x08009ab4   0x000000d8   Code   RO          724    .text               c_w.l(bigflt0.o)
    0x08009b8c   0x0000000c   Code   RO          752    .text               c_w.l(exit.o)
    0x08009b98   0x00000008   Code   RO          765    .text               c_w.l(libspace.o)
    0x08009ba0   0x00000080   Code   RO          773    .text               c_w.l(strcmpv7m.o)
    0x08009c20   0x0000003e   Code   RO          727    CL$$btod_d2e        c_w.l(btod.o)
    0x08009c5e   0x00000046   Code   RO          729    CL$$btod_d2e_denorm_low  c_w.l(btod.o)
    0x08009ca4   0x00000060   Code   RO          728    CL$$btod_d2e_norm_op1  c_w.l(btod.o)
    0x08009d04   0x00000338   Code   RO          737    CL$$btod_div_common  c_w.l(btod.o)
    0x0800a03c   0x000000c6   Code   RO          734    CL$$btod_e2e        c_w.l(btod.o)
    0x0800a102   0x00000028   Code   RO          731    CL$$btod_ediv       c_w.l(btod.o)
    0x0800a12a   0x00000028   Code   RO          730    CL$$btod_emul       c_w.l(btod.o)
    0x0800a152   0x00000244   Code   RO          736    CL$$btod_mult_common  c_w.l(btod.o)
    0x0800a396   0x00000028   Code   RO          763    i.__ARM_fpclassify  m_ws.l(fpclassify.o)
    0x0800a3be   0x0000000e   Code   RO          608    i._is_digit         c_w.l(__printf_wp.o)
    0x0800a3cc   0x0000002c   Code   RO          750    locale$$code        c_w.l(lc_numeric_c.o)
    0x0800a3f8   0x0000002c   Code   RO          771    locale$$code        c_w.l(lc_ctype_c.o)
    0x0800a424   0x00000004   Code   RO          680    x$fpl$printf1       fz_ws.l(printf1.o)
    0x0800a428   0x00000000   Code   RO          762    x$fpl$usenofp       fz_ws.l(usenofp.o)
    0x0800a428   0x00000a64   Data   RO          238    .constdata          lcd.o
    0x0800ae8c   0x00000028   Data   RO          596    .constdata          c_w.l(_printf_hex_int_ll_ptr.o)
    0x0800aeb4   0x00000011   Data   RO          616    .constdata          c_w.l(__printf_flags_ss_wp.o)
    0x0800aec5   0x00000003   PAD
    0x0800aec8   0x00000008   Data   RO          649    .constdata          c_w.l(_printf_wctomb.o)
    0x0800aed0   0x00000094   Data   RO          725    .constdata          c_w.l(bigflt0.o)
    0x0800af64   0x00000020   Data   RO          890    Region$$Table       anon$$obj.o
    0x0800af84   0x0000001c   Data   RO          749    locale$$data        c_w.l(lc_numeric_c.o)
    0x0800afa0   0x00000110   Data   RO          770    locale$$data        c_w.l(lc_ctype_c.o)


    Execution Region RW_IRAM1 (Base: 0x20000000, Size: 0x00000c38, Max: 0x00010000, ABSOLUTE)

    Base Addr    Size         Type   Attr      Idx    E Section Name        Object

    0x20000000   0x00000007   Data   RW            2    .data               main.o
    0x20000007   0x00000001   PAD
    0x20000008   0x00000014   Data   RW          147    .data               system_stm32f10x.o
    0x2000001c   0x00000001   Data   RW          177    .data               key.o
    0x2000001d   0x00000001   PAD
    0x2000001e   0x00000004   Data   RW          239    .data               lcd.o
    0x20000022   0x00000002   PAD
    0x20000024   0x00000004   Data   RW          294    .data               apsta.o
    0x20000028   0x00000002   Data   RW          339    .data               usart3.o
    0x2000002a   0x00000004   Data   RW          395    .data               delay.o
    0x2000002e   0x00000002   PAD
    0x20000030   0x00000006   Data   RW          422    .data               usart.o
    0x20000036   0x00000014   Data   RW          498    .data               stm32f10x_rcc.o
    0x2000004a   0x00000002   PAD
    0x2000004c   0x0000000e   Zero   RW          237    .bss                lcd.o
    0x2000005a   0x000004b0   Zero   RW          338    .bss                usart3.o
    0x2000050a   0x000000c8   Zero   RW          421    .bss                usart.o
    0x200005d2   0x00000002   PAD
    0x200005d4   0x00000060   Zero   RW          766    .bss                c_w.l(libspace.o)
    0x20000634   0x00000004   PAD
    0x20000638   0x00000200   Zero   RW          455    HEAP                startup_stm32f10x_hd.o
    0x20000838   0x00000400   Zero   RW          454    STACK               startup_stm32f10x_hd.o


==============================================================================

Image component sizes


      Code (inc. data)   RO Data    RW Data    ZI Data      Debug   Object Name

       236          8          0          0          0       1107   adc.o
       604        266          0          4          0       1187   apsta.o
       588        130          0          0          0       2510   common.o
         0          0          0          0          0         32   core_cm3.o
       212         18          0          4          0       1087   delay.o
       816         14          0          0          0       3646   dht11.o
       252         14          0          1          0     266396   key.o
     18462        140       2660          4         14      22063   lcd.o
        76          8          0          0          0        499   led.o
      2512        306          0          7          0     248279   main.o
       220         22          0          0          0       1873   misc.o
       298          0          0          0          0       2000   myalg.o
        64         26        304          0       1536        808   startup_stm32f10x_hd.o
      1102         26          0          0          0      10905   stm32f10x_adc.o
      1548         18          0          0          0       5415   stm32f10x_fsmc.o
       860         38          0          0          0       5717   stm32f10x_gpio.o
        26          0          0          0          0       1182   stm32f10x_it.o
       932         36          0         20          0       8920   stm32f10x_rcc.o
      3610         88          0          0          0      22200   stm32f10x_tim.o
      1032         22          0          0          0       8440   stm32f10x_usart.o
        12          0          0          0          0        485   sys.o
       480         38          0         20          0       1751   system_stm32f10x.o
       960         32          0          0          0       2822   timer.o
       328         18          0          6        200       3262   usart.o
       364         26          0          2       1200       2554   usart3.o

    ----------------------------------------------------------------------
     35602       1294       2996         76       2952     625140   Object Totals
         0          0         32          0          0          0   (incl. Generated)
         8          0          0          8          2          0   (incl. Padding)

    ----------------------------------------------------------------------

      Code (inc. data)   RO Data    RW Data    ZI Data      Debug   Library Member Name

        24          4          0          0          0         84   __2printf.o
        44          6          0          0          0         84   __2sprintf.o
         8          0          0          0          0         68   __main.o
       392          4         17          0          0         92   __printf_flags_ss_wp.o
        14          0          0          0          0         68   __printf_wp.o
        52          8          0          0          0          0   __scatter.o
        26          0          0          0          0          0   __scatter_copy.o
        28          0          0          0          0          0   __scatter_zi.o
         6          0          0          0          0          0   _printf_a.o
         6          0          0          0          0          0   _printf_c.o
        44          0          0          0          0        108   _printf_char.o
        48          6          0          0          0         96   _printf_char_common.o
        36          4          0          0          0         80   _printf_char_file.o
        40          0          0          0          0         68   _printf_charcount.o
         6          0          0          0          0          0   _printf_d.o
       116         16          0          0          0         92   _printf_dec.o
         6          0          0          0          0          0   _printf_e.o
         6          0          0          0          0          0   _printf_f.o
      1046          0          0          0          0        216   _printf_fp_dec.o
       128         16          0          0          0         84   _printf_fp_infnan.o
         6          0          0          0          0          0   _printf_g.o
       148          4         40          0          0        160   _printf_hex_int_ll_ptr.o
         6          0          0          0          0          0   _printf_i.o
       178          0          0          0          0         88   _printf_intcommon.o
        10          0          0          0          0          0   _printf_l.o
         6          0          0          0          0          0   _printf_lc.o
        10          0          0          0          0          0   _printf_ll.o
         6          0          0          0          0          0   _printf_lld.o
         6          0          0          0          0          0   _printf_lli.o
         6          0          0          0          0          0   _printf_llo.o
         6          0          0          0          0          0   _printf_llu.o
         6          0          0          0          0          0   _printf_llx.o
       120         16          0          0          0         92   _printf_longlong_dec.o
         6          0          0          0          0          0   _printf_ls.o
         6          0          0          0          0          0   _printf_n.o
         6          0          0          0          0          0   _printf_o.o
       112          8          0          0          0        124   _printf_oct_int_ll.o
         6          0          0          0          0          0   _printf_p.o
        78          0          0          0          0        108   _printf_pad.o
         0          0          0          0          0          0   _printf_percent.o
         4          0          0          0          0          0   _printf_percent_end.o
         6          0          0          0          0          0   _printf_s.o
        82          0          0          0          0         80   _printf_str.o
        36          0          0          0          0         84   _printf_truncate.o
         6          0          0          0          0          0   _printf_u.o
        44          0          0          0          0        108   _printf_wchar.o
       188          6          8          0          0         92   _printf_wctomb.o
         6          0          0          0          0          0   _printf_x.o
        10          0          0          0          0         68   _sputc.o
        64          0          0          0          0         92   _wcrtomb.o
       216          4        148          0          0         96   bigflt0.o
      1910        128          0          0          0        672   btod.o
        36          4          0          0          0         76   c89vsprintf.o
        12          0          0          0          0         72   exit.o
         8          0          0          0          0         68   ferror.o
         6          0          0          0          0        152   heapauxi.o
        44         10        272          0          0         76   lc_ctype_c.o
        44         10         28          0          0         76   lc_numeric_c.o
         2          0          0          0          0          0   libinit.o
        30          0          0          0          0          0   libinit2.o
         2          0          0          0          0          0   libshutdown.o
         2          0          0          0          0          0   libshutdown2.o
         8          4          0          0         96         68   libspace.o
       138          0          0          0          0         80   lludiv10.o
        16          4          0          0          0         76   rt_ctype_table.o
         8          4          0          0          0         68   rt_locale_intlibspace.o
         0          0          0          0          0          0   rtentry.o
        12          0          0          0          0          0   rtentry2.o
         6          0          0          0          0          0   rtentry4.o
         2          0          0          0          0          0   rtexit.o
        10          0          0          0          0          0   rtexit2.o
       128          0          0          0          0         68   strcmpv7m.o
        62          0          0          0          0         76   strlen.o
        36          0          0          0          0         80   strstr.o
        74          0          0          0          0         80   sys_stackheap_outer.o
         2          0          0          0          0         68   use_no_semi.o
         2          0          0          0          0         68   use_no_semi_2.o
         4          0          0          0          0         68   printf1.o
         0          0          0          0          0          0   usenofp.o
        40          0          0          0          0         68   fpclassify.o

    ----------------------------------------------------------------------
      6118        266        516          0        100       4392   Library Totals
         8          0          3          0          4          0   (incl. Padding)

    ----------------------------------------------------------------------

      Code (inc. data)   RO Data    RW Data    ZI Data      Debug   Library Name

      6066        266        513          0         96       4256   c_w.l
         4          0          0          0          0         68   fz_ws.l
        40          0          0          0          0         68   m_ws.l

    ----------------------------------------------------------------------
      6118        266        516          0        100       4392   Library Totals

    ----------------------------------------------------------------------

==============================================================================


      Code (inc. data)   RO Data    RW Data    ZI Data      Debug   

     41720       1560       3512         76       3052     625108   Grand Totals
     41720       1560       3512         76       3052     625108   ELF Image Totals
     41720       1560       3512         76          0          0   ROM Totals

==============================================================================

    Total RO  Size (Code + RO Data)                45232 (  44.17kB)
    Total RW  Size (RW Data + ZI Data)              3128 (   3.05kB)
    Total ROM Size (Code + RO Data + RW Data)      45308 (  44.25kB)

==============================================================================

