<html>
<body>
<pre>
<h1>µVision Build Log</h1>
<h2>Project:</h2>
C:\Users\106B\Desktop\RFID\USER\RFID.uvproj
Project File Date:  12/25/2017

<h2>Output:</h2>
Build target 'RFID'
compiling main.c...
main.c(130): warning:  #177-D: variable "status" was declared but never referenced
        unsigned char status;
main.c(131): warning:  #177-D: variable "flag" was declared but never referenced
        u8 flag = 1;
main.c(132): warning:  #177-D: variable "money" was declared but never referenced
        u16 money;
main.c(133): warning:  #177-D: variable "j" was declared but never referenced
        u8 j;
main.c: 4 warnings, 0 errors
linking...
Program Size: Code=21456 RO-data=2924 RW-data=1312 ZI-data=3064  
FromELF: creating hex file...
"..\OBJ\RFID.axf" - 0 Error(s), 4 Warning(s).
Load "..\\OBJ\\RFID.axf" 
Set JLink Project File to "C:\Users\106B\Desktop\RFID\USER\JLinkSettings.ini"
* JLink Info: Device "STM32F103VE" selected (512 KB flash, 64 KB RAM).
 
JLink info:
------------
DLL: V4.80g, compiled Feb 13 2014 20:50:02
Firmware: J-Link ARM V8 compiled Jan 31 2018 18:34:52
Hardware: V8.00
S/N : 20080643 
Feature(s) : RDI,FlashDL,FlashBP,JFlash,GDBFull 
 
* JLink Info: Found SWD-DP with ID 0x1BA01477
* JLink Info: Found SWD-DP with ID 0x1BA01477
* JLink Info: Found Cortex-M3 r1p1, Little endian.
* JLink Info: FPUnit: 6 code (BP) slots and 2 literal slots
* JLink Info: TPIU fitted.
* JLink Info: ETM fitted.
ROMTableAddr = 0xE00FF003
 
Target info:
------------
Device: STM32F103VE
VTarget = 3.280V
State of Pins: 
TCK: 0, TDI: 1, TDO: 1, TMS: 0, TRES: 1, TRST: 1
Hardware-Breakpoints: 6
Software-Breakpoints: 8192
Watchpoints:          4
JTAG speed: 4000 kHz
 
Erase Done.
Programming Done.
Verify OK.
Application running ...
</pre>
</body>
</html>
g Done.
Verify OK.
Application running ...
nning ...
 
Erase Done.
Programming Done.
Verify OK.
Application running ...
